Component: ARM Compiler 5.06 update 7 (build 960) Tool: armlink [4d3601]

==============================================================================

Section Cross References

    startup_stm32f103xb.o(STACK) refers (Special) to heapauxi.o(.text) for __use_two_region_memory
    startup_stm32f103xb.o(HEAP) refers (Special) to heapauxi.o(.text) for __use_two_region_memory
    startup_stm32f103xb.o(RESET) refers (Special) to heapauxi.o(.text) for __use_two_region_memory
    startup_stm32f103xb.o(RESET) refers to startup_stm32f103xb.o(STACK) for __initial_sp
    startup_stm32f103xb.o(RESET) refers to startup_stm32f103xb.o(.text) for Reset_Handler
    startup_stm32f103xb.o(RESET) refers to stm32f1xx_it.o(i.NMI_Handler) for NMI_Handler
    startup_stm32f103xb.o(RESET) refers to stm32f1xx_it.o(i.HardFault_Handler) for HardFault_Handler
    startup_stm32f103xb.o(RESET) refers to stm32f1xx_it.o(i.MemManage_Handler) for MemManage_Handler
    startup_stm32f103xb.o(RESET) refers to stm32f1xx_it.o(i.BusFault_Handler) for BusFault_Handler
    startup_stm32f103xb.o(RESET) refers to stm32f1xx_it.o(i.UsageFault_Handler) for UsageFault_Handler
    startup_stm32f103xb.o(RESET) refers to stm32f1xx_it.o(i.SVC_Handler) for SVC_Handler
    startup_stm32f103xb.o(RESET) refers to stm32f1xx_it.o(i.DebugMon_Handler) for DebugMon_Handler
    startup_stm32f103xb.o(RESET) refers to stm32f1xx_it.o(i.PendSV_Handler) for PendSV_Handler
    startup_stm32f103xb.o(RESET) refers to stm32f1xx_it.o(i.SysTick_Handler) for SysTick_Handler
    startup_stm32f103xb.o(RESET) refers to stm32f1xx_it.o(i.DMA1_Channel1_IRQHandler) for DMA1_Channel1_IRQHandler
    startup_stm32f103xb.o(RESET) refers to stm32f1xx_it.o(i.DMA1_Channel2_IRQHandler) for DMA1_Channel2_IRQHandler
    startup_stm32f103xb.o(RESET) refers to stm32f1xx_it.o(i.DMA1_Channel3_IRQHandler) for DMA1_Channel3_IRQHandler
    startup_stm32f103xb.o(RESET) refers to stm32f1xx_it.o(i.DMA1_Channel4_IRQHandler) for DMA1_Channel4_IRQHandler
    startup_stm32f103xb.o(RESET) refers to stm32f1xx_it.o(i.DMA1_Channel5_IRQHandler) for DMA1_Channel5_IRQHandler
    startup_stm32f103xb.o(RESET) refers to stm32f1xx_it.o(i.CAN1_RX1_IRQHandler) for CAN1_RX1_IRQHandler
    startup_stm32f103xb.o(RESET) refers to stm32f1xx_it.o(i.USART1_IRQHandler) for USART1_IRQHandler
    startup_stm32f103xb.o(RESET) refers to stm32f1xx_it.o(i.USART3_IRQHandler) for USART3_IRQHandler
    startup_stm32f103xb.o(.text) refers (Special) to heapauxi.o(.text) for __use_two_region_memory
    startup_stm32f103xb.o(.text) refers to system_stm32f1xx.o(i.SystemInit) for SystemInit
    startup_stm32f103xb.o(.text) refers to __main.o(!!!main) for __main
    startup_stm32f103xb.o(.text) refers to startup_stm32f103xb.o(HEAP) for Heap_Mem
    startup_stm32f103xb.o(.text) refers to startup_stm32f103xb.o(STACK) for Stack_Mem
    main.o(i.SystemClock_Config) refers to rt_memclr_w.o(.text) for __aeabi_memclr4
    main.o(i.SystemClock_Config) refers to stm32f1xx_hal_rcc.o(i.HAL_RCC_OscConfig) for HAL_RCC_OscConfig
    main.o(i.SystemClock_Config) refers to main.o(i.Error_Handler) for Error_Handler
    main.o(i.SystemClock_Config) refers to stm32f1xx_hal_rcc.o(i.HAL_RCC_ClockConfig) for HAL_RCC_ClockConfig
    main.o(i.SystemClock_Config) refers to stm32f1xx_hal_rcc_ex.o(i.HAL_RCCEx_PeriphCLKConfig) for HAL_RCCEx_PeriphCLKConfig
    main.o(i.main) refers to stm32f1xx_hal.o(i.HAL_Init) for HAL_Init
    main.o(i.main) refers to main.o(i.SystemClock_Config) for SystemClock_Config
    main.o(i.main) refers to gpio.o(i.MX_GPIO_Init) for MX_GPIO_Init
    main.o(i.main) refers to dma.o(i.MX_DMA_Init) for MX_DMA_Init
    main.o(i.main) refers to adc.o(i.MX_ADC1_Init) for MX_ADC1_Init
    main.o(i.main) refers to usart.o(i.MX_USART1_UART_Init) for MX_USART1_UART_Init
    main.o(i.main) refers to usart.o(i.MX_USART3_UART_Init) for MX_USART3_UART_Init
    main.o(i.main) refers to can.o(i.MX_CAN_Init) for MX_CAN_Init
    main.o(i.main) refers to i2c.o(i.MX_I2C1_Init) for MX_I2C1_Init
    main.o(i.main) refers to app_control.o(i.AppControl_Init) for AppControl_Init
    main.o(i.main) refers to app_control.o(i.AppControl_Process) for AppControl_Process
    adc.o(i.HAL_ADC_MspDeInit) refers to stm32f1xx_hal_gpio.o(i.HAL_GPIO_DeInit) for HAL_GPIO_DeInit
    adc.o(i.HAL_ADC_MspDeInit) refers to stm32f1xx_hal_dma.o(i.HAL_DMA_DeInit) for HAL_DMA_DeInit
    adc.o(i.HAL_ADC_MspInit) refers to stm32f1xx_hal_gpio.o(i.HAL_GPIO_Init) for HAL_GPIO_Init
    adc.o(i.HAL_ADC_MspInit) refers to stm32f1xx_hal_dma.o(i.HAL_DMA_Init) for HAL_DMA_Init
    adc.o(i.HAL_ADC_MspInit) refers to main.o(i.Error_Handler) for Error_Handler
    adc.o(i.HAL_ADC_MspInit) refers to adc.o(.bss) for hdma_adc1
    adc.o(i.MX_ADC1_Init) refers to stm32f1xx_hal_adc.o(i.HAL_ADC_Init) for HAL_ADC_Init
    adc.o(i.MX_ADC1_Init) refers to main.o(i.Error_Handler) for Error_Handler
    adc.o(i.MX_ADC1_Init) refers to stm32f1xx_hal_adc.o(i.HAL_ADC_ConfigChannel) for HAL_ADC_ConfigChannel
[...]
    i.MX_I2C1_Init                           0x08004350   Section        0  i2c.o(i.MX_I2C1_Init)
    i.MX_USART1_UART_Init                    0x0800438c   Section        0  usart.o(i.MX_USART1_UART_Init)
    i.MX_USART3_UART_Init                    0x080043c4   Section        0  usart.o(i.MX_USART3_UART_Init)
    i.MemManage_Handler                      0x080043fc   Section        0  stm32f1xx_it.o(i.MemManage_Handler)
    i.NMI_Handler                            0x08004400   Section        0  stm32f1xx_it.o(i.NMI_Handler)
    i.PendSV_Handler                         0x08004404   Section        0  stm32f1xx_it.o(i.PendSV_Handler)
    i.PressureMeasure_GetMpa                 0x08004408   Section        0  pressure_measure.o(i.PressureMeasure_GetMpa)
    i.PressureMeasure_Init                   0x08004414   Section        0  pressure_measure.o(i.PressureMeasure_Init)
    i.PressureMeasure_Process                0x08004454   Section        0  pressure_measure.o(i.PressureMeasure_Process)
    i.PressureMeasure_StartConversion        0x08004518   Section        0  pressure_measure.o(i.PressureMeasure_StartConversion)
    PressureMeasure_StartConversion          0x08004519   Thumb Code    28  pressure_measure.o(i.PressureMeasure_StartConversion)
    i.Pressure_CalculateMpa                  0x08004544   Section        0  pressure_measure.o(i.Pressure_CalculateMpa)
    i.Pressure_CalculateRobustCode           0x080045a4   Section        0  pressure_measure.o(i.Pressure_CalculateRobustCode)
    i.Pressure_Clamp                         0x08004622   Section        0  pressure_measure.o(i.Pressure_Clamp)
    Pressure_Clamp                           0x08004623   Thumb Code    40  pressure_measure.o(i.Pressure_Clamp)
    i.RCC_Delay                              0x0800464c   Section        0  stm32f1xx_hal_rcc.o(i.RCC_Delay)
    RCC_Delay                                0x0800464d   Thumb Code    36  stm32f1xx_hal_rcc.o(i.RCC_Delay)
    i.SVC_Handler                            0x08004674   Section        0  stm32f1xx_it.o(i.SVC_Handler)
    i.ScreenProtocol_HandleFrame             0x08004678   Section        0  screen_protocol.o(i.ScreenProtocol_HandleFrame)
    ScreenProtocol_HandleFrame               0x08004679   Thumb Code   112  screen_protocol.o(i.ScreenProtocol_HandleFrame)
    i.ScreenProtocol_Init                    0x080046f4   Section        0  screen_protocol.o(i.ScreenProtocol_Init)
    i.ScreenProtocol_IsEmpty                 0x08004718   Section        0  screen_protocol.o(i.ScreenProtocol_IsEmpty)
    ScreenProtocol_IsEmpty                   0x08004719   Thumb Code    16  screen_protocol.o(i.ScreenProtocol_IsEmpty)
    i.ScreenProtocol_IsTransmitConfigured    0x08004728   Section        0  screen_protocol.o(i.ScreenProtocol_IsTransmitConfigured)
    i.ScreenProtocol_ParseFloat              0x0800473c   Section        0  screen_protocol.o(i.ScreenProtocol_ParseFloat)
    ScreenProtocol_ParseFloat                0x0800473d   Thumb Code   212  screen_protocol.o(i.ScreenProtocol_ParseFloat)
    i.ScreenProtocol_PollEvent               0x08004818   Section        0  screen_protocol.o(i.ScreenProtocol_PollEvent)
    i.ScreenProtocol_SendMeasurements        0x08004844   Section        0  screen_protocol.o(i.ScreenProtocol_SendMeasurements)
    i.ScreenProtocol_StartReceive            0x080048d8   Section        0  screen_protocol.o(i.ScreenProtocol_StartReceive)
    ScreenProtocol_StartReceive              0x080048d9   Thumb Code    36  screen_protocol.o(i.ScreenProtocol_StartReceive)
    i.SysTick_Handler                        0x08004904   Section        0  stm32f1xx_it.o(i.SysTick_Handler)
    i.SystemClock_Config                     0x0800490c   Section        0  main.o(i.SystemClock_Config)
    i.SystemInit                             0x08004990   Section        0  system_stm32f1xx.o(i.SystemInit)
    i.Thrust_CalculateNewton                 0x08004994   Section        0  thrust_calculator.o(i.Thrust_CalculateNewton)
    i.Thrust_Convert                         0x080049fc   Section        0  thrust_calculator.o(i.Thrust_Convert)
    i.Thrust_GetUnitText                     0x08004a38   Section        0  thrust_calculator.o(i.Thrust_GetUnitText)
    i.UART_DMAAbortOnError                   0x08004a60   Section        0  stm32f1xx_hal_uart.o(i.UART_DMAAbortOnError)
    UART_DMAAbortOnError                     0x08004a61   Thumb Code    20  stm32f1xx_hal_uart.o(i.UART_DMAAbortOnError)
    i.UART_DMAError                          0x08004a74   Section        0  stm32f1xx_hal_uart.o(i.UART_DMAError)
    UART_DMAError                            0x08004a75   Thumb Code    80  stm32f1xx_hal_uart.o(i.UART_DMAError)
    i.UART_DMAReceiveCplt                    0x08004ac4   Section        0  stm32f1xx_hal_uart.o(i.UART_DMAReceiveCplt)
    UART_DMAReceiveCplt                      0x08004ac5   Thumb Code   180  stm32f1xx_hal_uart.o(i.UART_DMAReceiveCplt)
    i.UART_DMARxHalfCplt                     0x08004b78   Section        0  stm32f1xx_hal_uart.o(i.UART_DMARxHalfCplt)
    UART_DMARxHalfCplt                       0x08004b79   Thumb Code    36  stm32f1xx_hal_uart.o(i.UART_DMARxHalfCplt)
    i.UART_DMATransmitCplt                   0x08004b9c   Section        0  stm32f1xx_hal_uart.o(i.UART_DMATransmitCplt)
    UART_DMATransmitCplt                     0x08004b9d   Thumb Code    88  stm32f1xx_hal_uart.o(i.UART_DMATransmitCplt)
    i.UART_DMATxHalfCplt                     0x08004bf4   Section        0  stm32f1xx_hal_uart.o(i.UART_DMATxHalfCplt)
    UART_DMATxHalfCplt                       0x08004bf5   Thumb Code    14  stm32f1xx_hal_uart.o(i.UART_DMATxHalfCplt)
    i.UART_EndRxTransfer                     0x08004c02   Section        0  stm32f1xx_hal_uart.o(i.UART_EndRxTransfer)
    UART_EndRxTransfer                       0x08004c03   Thumb Code   108  stm32f1xx_hal_uart.o(i.UART_EndRxTransfer)
    i.UART_EndTransmit_IT                    0x08004c6e   Section        0  stm32f1xx_hal_uart.o(i.UART_EndTransmit_IT)
    UART_EndTransmit_IT                      0x08004c6f   Thumb Code    32  stm32f1xx_hal_uart.o(i.UART_EndTransmit_IT)
    i.UART_EndTxTransfer                     0x08004c8e   Section        0  stm32f1xx_hal_uart.o(i.UART_EndTxTransfer)
    UART_EndTxTransfer                       0x08004c8f   Thumb Code    38  stm32f1xx_hal_uart.o(i.UART_EndTxTransfer)
    i.UART_Receive_IT                        0x08004cb4   Section        0  stm32f1xx_hal_uart.o(i.UART_Receive_IT)
    UART_Receive_IT                          0x08004cb5   Thumb Code   252  stm32f1xx_hal_uart.o(i.UART_Receive_IT)
    i.UART_SetConfig                         0x08004db0   Section        0  stm32f1xx_hal_uart.o(i.UART_SetConfig)
    UART_SetConfig                           0x08004db1   Thumb Code   248  stm32f1xx_hal_uart.o(i.UART_SetConfig)
    i.UART_Start_Receive_DMA                 0x08004eac   Section        0  stm32f1xx_hal_uart.o(i.UART_Start_Receive_DMA)
    i.UART_Transmit_IT                       0x08004f74   Section        0  stm32f1xx_hal_uart.o(i.UART_Transmit_IT)
    UART_Transmit_IT                         0x08004f75   Thumb Code    96  stm32f1xx_hal_uart.o(i.UART_Transmit_IT)
    i.USART1_IRQHandler                      0x08004fd4   Section        0  stm32f1xx_it.o(i.USART1_IRQHandler)
    i.USART3_IRQHandler                      0x08004fe4   Section        0  stm32f1xx_it.o(i.USART3_IRQHandler)
    i.UsageFault_Handler                     0x08004ff4   Section        0  stm32f1xx_it.o(i.UsageFault_Handler)
    i.__ARM_fpclassify                       0x08004ff8   Section        0  fpclassify.o(i.__ARM_fpclassify)
    i.__NVIC_GetPriorityGrouping             0x08005020   Section        0  stm32f1xx_hal_cortex.o(i.__NVIC_GetPriorityGrouping)
    __NVIC_GetPriorityGrouping               0x08005021   Thumb Code    10  stm32f1xx_hal_cortex.o(i.__NVIC_GetPriorityGrouping)
    i.__NVIC_SetPriority                     0x08005030   Section        0  stm32f1xx_hal_cortex.o(i.__NVIC_SetPriority)
    __NVIC_SetPriority                       0x08005031   Thumb Code    32  stm32f1xx_hal_cortex.o(i.__NVIC_SetPriority)
    i._is_digit                              0x08005058   Section        0  __printf_wp.o(i._is_digit)
    i.main                                   0x08005066   Section        0  main.o(i.main)
    locale$$code                             0x08005098   Section       44  lc_numeric_c.o(locale$$code)
    x$fpl$dretinf                            0x080050c4   Section       12  dretinf.o(x$fpl$dretinf)
    x$fpl$f2d                                0x080050d0   Section       86  f2d.o(x$fpl$f2d)
    x$fpl$fadd                               0x08005128   Section      196  faddsub_clz.o(x$fpl$fadd)
    _fadd1                                   0x08005137   Thumb Code     0  faddsub_clz.o(x$fpl$fadd)
    x$fpl$fcmpinf                            0x080051ec   Section       24  fcmpi.o(x$fpl$fcmpinf)
    x$fpl$fdiv                               0x08005204   Section      388  fdiv.o(x$fpl$fdiv)
    _fdiv1                                   0x08005205   Thumb Code     0  fdiv.o(x$fpl$fdiv)
    x$fpl$fflt                               0x08005388   Section       48  fflt_clz.o(x$fpl$fflt)
    x$fpl$ffltu                              0x080053b8   Section       38  fflt_clz.o(x$fpl$ffltu)
    x$fpl$fleqf                              0x080053e0   Section      104  fleqf.o(x$fpl$fleqf)
    x$fpl$fmul                               0x08005448   Section      258  fmul.o(x$fpl$fmul)
    x$fpl$fnaninf                            0x0800554a   Section      140  fnaninf.o(x$fpl$fnaninf)
    x$fpl$fretinf                            0x080055d6   Section       10  fretinf.o(x$fpl$fretinf)
    x$fpl$frleqf                             0x080055e0   Section       98  frleqf.o(x$fpl$frleqf)
    x$fpl$fsub                               0x08005644   Section      234  faddsub_clz.o(x$fpl$fsub)
    _fsub1                                   0x08005653   Thumb Code     0  faddsub_clz.o(x$fpl$fsub)
    x$fpl$printf1                            0x0800572e   Section        4  printf1.o(x$fpl$printf1)
    x$fpl$printf2                            0x08005732   Section        4  printf2.o(x$fpl$printf2)
    .constdata                               0x08005736   Section       18  stm32f1xx_hal_rcc.o(.constdata)
    x$fpl$usenofp                            0x08005736   Section        0  usenofp.o(x$fpl$usenofp)
    aPLLMULFactorTable                       0x08005736   Data          16  stm32f1xx_hal_rcc.o(.constdata)
    aPredivFactorTable                       0x08005746   Data           2  stm32f1xx_hal_rcc.o(.constdata)
    .constdata                               0x08005748   Section       18  stm32f1xx_hal_rcc_ex.o(.constdata)
    aPLLMULFactorTable                       0x08005748   Data          16  stm32f1xx_hal_rcc_ex.o(.constdata)
    aPredivFactorTable                       0x08005758   Data           2  stm32f1xx_hal_rcc_ex.o(.constdata)
    .constdata                               0x0800575a   Section       24  system_stm32f1xx.o(.constdata)
    .constdata                               0x08005772   Section       40  _printf_hex_ptr.o(.constdata)
    uc_hextab                                0x08005772   Data          20  _printf_hex_ptr.o(.constdata)
    lc_hextab                                0x08005786   Data          20  _printf_hex_ptr.o(.constdata)
    .constdata                               0x0800579a   Section       17  __printf_flags_ss_wp.o(.constdata)
    maptable                                 0x0800579a   Data          17  __printf_flags_ss_wp.o(.constdata)
    .constdata                               0x080057ab   Section       38  _printf_fp_hex.o(.constdata)
    lc_hextab                                0x080057ab   Data          19  _printf_fp_hex.o(.constdata)
    uc_hextab                                0x080057be   Data          19  _printf_fp_hex.o(.constdata)
    .constdata                               0x080057d4   Section      148  bigflt0.o(.constdata)
    tenpwrs_x                                0x080057d4   Data          60  bigflt0.o(.constdata)
    tenpwrs_i                                0x08005810   Data          64  bigflt0.o(.constdata)
    locale$$data                             0x08005888   Section       28  lc_numeric_c.o(locale$$data)
    __lcnum_c_name                           0x0800588c   Data           2  lc_numeric_c.o(locale$$data)
    __lcnum_c_start                          0x08005894   Data           0  lc_numeric_c.o(locale$$data)
    __lcnum_c_point                          0x080058a0   Data           0  lc_numeric_c.o(locale$$data)
    __lcnum_c_thousands                      0x080058a2   Data           0  lc_numeric_c.o(locale$$data)
    __lcnum_c_grouping                       0x080058a3   Data           0  lc_numeric_c.o(locale$$data)
    __lcnum_c_end                            0x080058a4   Data           0  lc_numeric_c.o(locale$$data)
    .data                                    0x20000000   Section        9  stm32f1xx_hal.o(.data)
    .data                                    0x2000000c   Section        4  system_stm32f1xx.o(.data)
    .data                                    0x20000010   Section       16  pressure_measure.o(.data)
    s_adc_conversion_complete                0x20000010   Data           1  pressure_measure.o(.data)
    s_adc_conversion_running                 0x20000011   Data           1  pressure_measure.o(.data)
    s_pressure_mpa                           0x20000014   Data           4  pressure_measure.o(.data)
    s_signal_voltage                         0x20000018   Data           4  pressure_measure.o(.data)
    s_vdda                                   0x2000001c   Data           4  pressure_measure.o(.data)
    .data                                    0x20000020   Section       12  screen_protocol.o(.data)
    s_tx_busy                                0x20000020   Data           1  screen_protocol.o(.data)
    s_event_pending                          0x20000021   Data           1  screen_protocol.o(.data)
    s_pending_event                          0x20000024   Data           8  screen_protocol.o(.data)
    .data                                    0x2000002c   Section       24  app_control.o(.data)
    s_cylinder_diameter_mm                   0x2000002c   Data           4  app_control.o(.data)
    s_pressure_mpa                           0x20000030   Data           4  app_control.o(.data)
    s_thrust_value                           0x20000034   Data           4  app_control.o(.data)
    s_force_newton                           0x20000038   Data           4  app_control.o(.data)
    s_unit                                   0x2000003c   Data           1  app_control.o(.data)
    s_last_refresh_tick                      0x20000040   Data           4  app_control.o(.data)
    .bss                                     0x20000044   Section      164  adc.o(.bss)
    .bss                                     0x200000e8   Section       40  can.o(.bss)
    .bss                                     0x20000110   Section       84  i2c.o(.bss)
    .bss                                     0x20000164   Section      416  usart.o(.bss)
    .bss                                     0x20000304   Section       22  pressure_measure.o(.bss)
    s_adc_dma_buffer                         0x20000304   Data          22  pressure_measure.o(.bss)
    .bss                                     0x2000031a   Section      192  screen_protocol.o(.bss)
    s_rx_buffer                              0x2000031a   Data          64  screen_protocol.o(.bss)
    s_tx_buffer                              0x2000035a   Data         128  screen_protocol.o(.bss)
    .bss                                     0x200003dc   Section       96  libspace.o(.bss)
    HEAP                                     0x20000440   Section      512  startup_stm32f103xb.o(HEAP)
    Heap_Mem                                 0x20000440   Data         512  startup_stm32f103xb.o(HEAP)
    STACK                                    0x20000640   Section     1024  startup_stm32f103xb.o(STACK)
    Stack_Mem                                0x20000640   Data        1024  startup_stm32f103xb.o(STACK)
    __initial_sp                             0x20000a40   Data           0  startup_stm32f103xb.o(STACK)

    Global Symbols

    Symbol Name                              Value     Ov Type        Size  Object(Section)

    BuildAttributes$$THM_ISAv4$P$D$K$B$S$PE$A:L22UL41UL21$X:L11$S22US41US21$IEEE1$IW$USESV6$~STKCKD$USESV7$~SHL$OTIME$ROPI$IEEEJ$EBA8$UX$STANDARDLIB$REQ8$PRES8$EABIv2 0x00000000   Number         0  anon$$obj.o ABSOLUTE
    __ARM_use_no_argv                        0x00000000   Number         0  main.o ABSOLUTE
    _printf_flags                            0x00000000   Number         0  printf_stubs.o ABSOLUTE
    _printf_return_value                     0x00000000   Number         0  printf_stubs.o ABSOLUTE
    _printf_sizespec                         0x00000000   Number         0  printf_stubs.o ABSOLUTE
    _printf_widthprec                        0x00000000   Number         0  printf_stubs.o ABSOLUTE
    __ARM_exceptions_init                     - Undefined Weak Reference
    __alloca_initialize                       - Undefined Weak Reference
    __arm_fini_                               - Undefined Weak Reference
    __arm_preinit_                            - Undefined Weak Reference
    __cpp_initialize__aeabi_                  - Undefined Weak Reference
    __cxa_finalize                            - Undefined Weak Reference
    __sigvec_lookup                           - Undefined Weak Reference
    _atexit_init                              - Undefined Weak Reference
    _call_atexit_fns                          - Undefined Weak Reference
    _clock_init                               - Undefined Weak Reference
    _fp_trap_init                             - Undefined Weak Reference
    _fp_trap_shutdown                         - Undefined Weak Reference
    _get_lc_collate                           - Undefined Weak Reference
    _get_lc_ctype                             - Undefined Weak Reference
    _get_lc_monetary                          - Undefined Weak Reference
    _get_lc_time                              - Undefined Weak Reference
    _getenv_init                              - Undefined Weak Reference
    _handle_redirection                       - Undefined Weak Reference
    _init_alloc                               - Undefined Weak Reference
    _init_user_alloc                          - Undefined Weak Reference
    _initio                                   - Undefined Weak Reference
    _printf_mbtowc                            - Undefined Weak Reference
    _printf_truncate_unsigned                 - Undefined Weak Reference
    _rand_init                                - Undefined Weak Reference
    _signal_finish                            - Undefined Weak Reference
    _signal_init                              - Undefined Weak Reference
    _terminate_alloc                          - Undefined Weak Reference
    _terminate_user_alloc                     - Undefined Weak Reference
    _terminateio                              - Undefined Weak Reference
    __Vectors_Size                           0x000000ec   Number         0  startup_stm32f103xb.o ABSOLUTE
    __Vectors                                0x08000000   Data           4  startup_stm32f103xb.o(RESET)
    __Vectors_End                            0x080000ec   Data           0  startup_stm32f103xb.o(RESET)
    __main                                   0x080000ed   Thumb Code     8  __main.o(!!!main)
    __scatterload                            0x080000f5   Thumb Code     0  __scatter.o(!!!scatter)
    __scatterload_rt2                        0x080000f5   Thumb Code    44  __scatter.o(!!!scatter)
    __scatterload_rt2_thumb_only             0x080000f5   Thumb Code     0  __scatter.o(!!!scatter)
    __scatterload_null                       0x08000103   Thumb Code     0  __scatter.o(!!!scatter)
    __scatterload_copy                       0x08000129   Thumb Code    26  __scatter_copy.o(!!handler_copy)
    __scatterload_zeroinit                   0x08000145   Thumb Code    28  __scatter_zi.o(!!handler_zi)
    _printf_n                                0x08000161   Thumb Code     0  _printf_n.o(.ARM.Collect$$_printf_percent$$00000001)
    _printf_percent                          0x08000161   Thumb Code     0  _printf_percent.o(.ARM.Collect$$_printf_percent$$00000000)
    _printf_p                                0x08000167   Thumb Code     0  _printf_p.o(.ARM.Collect$$_printf_percent$$00000002)
    _printf_f                                0x0800016d   Thumb Code     0  _printf_f.o(.ARM.Collect$$_printf_percent$$00000003)
    _printf_e                                0x08000173   Thumb Code     0  _printf_e.o(.ARM.Collect$$_printf_percent$$00000004)
    _printf_g                                0x08000179   Thumb Code     0  _printf_g.o(.ARM.Collect$$_printf_percent$$00000005)
    _printf_a                                0x0800017f   Thumb Code     0  _printf_a.o(.ARM.Collect$$_printf_percent$$00000006)
    _printf_s                                0x08000185   Thumb Code     0  _printf_s.o(.ARM.Collect$$_printf_percent$$00000014)
    _printf_percent_end                      0x0800018b   Thumb Code     0  _printf_percent_end.o(.ARM.Collect$$_printf_percent$$00000017)
    __rt_lib_init                            0x0800018f   Thumb Code     0  libinit.o(.ARM.Collect$$libinit$$00000000)
    __rt_lib_init_fp_1                       0x08000191   Thumb Code     0  libinit2.o(.ARM.Collect$$libinit$$00000002)
    __rt_lib_init_heap_1                     0x08000191   Thumb Code     0  libinit2.o(.ARM.Collect$$libinit$$0000000A)
    __rt_lib_init_lc_common                  0x08000191   Thumb Code     0  libinit2.o(.ARM.Collect$$libinit$$0000000F)
    __rt_lib_init_preinit_1                  0x08000191   Thumb Code     0  libinit2.o(.ARM.Collect$$libinit$$00000004)
    __rt_lib_init_rand_1                     0x08000191   Thumb Code     0  libinit2.o(.ARM.Collect$$libinit$$0000000E)
    __rt_lib_init_user_alloc_1               0x08000191   Thumb Code     0  libinit2.o(.ARM.Collect$$libinit$$0000000C)
    __rt_lib_init_lc_collate_1               0x08000197   Thumb Code     0  libinit2.o(.ARM.Collect$$libinit$$00000011)
    __rt_lib_init_lc_ctype_1                 0x08000197   Thumb Code     0  libinit2.o(.ARM.Collect$$libinit$$00000013)
    __rt_lib_init_lc_monetary_1              0x08000197   Thumb Code     0  libinit2.o(.ARM.Collect$$libinit$$00000015)
    __rt_lib_init_lc_numeric_2               0x08000197   Thumb Code     0  libinit2.o(.ARM.Collect$$libinit$$00000016)
    __rt_lib_init_alloca_1                   0x080001a1   Thumb Code     0  libinit2.o(.ARM.Collect$$libinit$$0000002E)
    __rt_lib_init_argv_1                     0x080001a1   Thumb Code     0  libinit2.o(.ARM.Collect$$libinit$$0000002C)
    __rt_lib_init_atexit_1                   0x080001a1   Thumb Code     0  libinit2.o(.ARM.Collect$$libinit$$0000001B)
    __rt_lib_init_clock_1                    0x080001a1   Thumb Code     0  libinit2.o(.ARM.Collect$$libinit$$00000021)
    __rt_lib_init_cpp_1                      0x080001a1   Thumb Code     0  libinit2.o(.ARM.Collect$$libinit$$00000032)
    __rt_lib_init_exceptions_1               0x080001a1   Thumb Code     0  libinit2.o(.ARM.Collect$$libinit$$00000030)
    __rt_lib_init_fp_trap_1                  0x080001a1   Thumb Code     0  libinit2.o(.ARM.Collect$$libinit$$0000001F)
    __rt_lib_init_getenv_1                   0x080001a1   Thumb Code     0  libinit2.o(.ARM.Collect$$libinit$$00000023)
    __rt_lib_init_lc_numeric_1               0x080001a1   Thumb Code     0  libinit2.o(.ARM.Collect$$libinit$$00000017)
    __rt_lib_init_lc_time_1                  0x080001a1   Thumb Code     0  libinit2.o(.ARM.Collect$$libinit$$00000019)
    __rt_lib_init_return                     0x080001a1   Thumb Code     0  libinit2.o(.ARM.Collect$$libinit$$00000033)
    __rt_lib_init_signal_1                   0x080001a1   Thumb Code     0  libinit2.o(.ARM.Collect$$libinit$$0000001D)
    __rt_lib_init_stdio_1                    0x080001a1   Thumb Code     0  libinit2.o(.ARM.Collect$$libinit$$00000025)
    __rt_lib_shutdown                        0x080001a3   Thumb Code     0  libshutdown.o(.ARM.Collect$$libshutdown$$00000000)
    __rt_lib_shutdown_cpp_1                  0x080001a5   Thumb Code     0  libshutdown2.o(.ARM.Collect$$libshutdown$$00000004)
    __rt_lib_shutdown_fini_1                 0x080001a5   Thumb Code     0  libshutdown2.o(.ARM.Collect$$libshutdown$$00000002)
    __rt_lib_shutdown_fp_trap_1              0x080001a5   Thumb Code     0  libshutdown2.o(.ARM.Collect$$libshutdown$$00000009)
    __rt_lib_shutdown_heap_1                 0x080001a5   Thumb Code     0  libshutdown2.o(.ARM.Collect$$libshutdown$$00000011)
    __rt_lib_shutdown_return                 0x080001a5   Thumb Code     0  libshutdown2.o(.ARM.Collect$$libshutdown$$00000012)
    __rt_lib_shutdown_signal_1               0x080001a5   Thumb Code     0  libshutdown2.o(.ARM.Collect$$libshutdown$$0000000C)
    __rt_lib_shutdown_stdio_1                0x080001a5   Thumb Code     0  libshutdown2.o(.ARM.Collect$$libshutdown$$00000006)
    __rt_lib_shutdown_user_alloc_1           0x080001a5   Thumb Code     0  libshutdown2.o(.ARM.Collect$$libshutdown$$0000000E)
    __rt_entry                               0x080001a7   Thumb Code     0  __rtentry.o(.ARM.Collect$$rtentry$$00000000)
    __rt_entry_presh_1                       0x080001a7   Thumb Code     0  __rtentry2.o(.ARM.Collect$$rtentry$$00000002)
    __rt_entry_sh                            0x080001a7   Thumb Code     0  __rtentry4.o(.ARM.Collect$$rtentry$$00000004)
    __rt_entry_li                            0x080001ad   Thumb Code     0  __rtentry2.o(.ARM.Collect$$rtentry$$0000000A)
    __rt_entry_postsh_1                      0x080001ad   Thumb Code     0  __rtentry2.o(.ARM.Collect$$rtentry$$00000009)
    __rt_entry_main                          0x080001b1   Thumb Code     0  __rtentry2.o(.ARM.Collect$$rtentry$$0000000D)
    __rt_entry_postli_1                      0x080001b1   Thumb Code     0  __rtentry2.o(.ARM.Collect$$rtentry$$0000000C)
    __rt_exit                                0x080001b9   Thumb Code     0  rtexit.o(.ARM.Collect$$rtexit$$00000000)
    __rt_exit_ls                             0x080001bb   Thumb Code     0  rtexit2.o(.ARM.Collect$$rtexit$$00000003)
    __rt_exit_prels_1                        0x080001bb   Thumb Code     0  rtexit2.o(.ARM.Collect$$rtexit$$00000002)
    __rt_exit_exit                           0x080001bf   Thumb Code     0  rtexit2.o(.ARM.Collect$$rtexit$$00000004)
    Reset_Handler                            0x080001c5   Thumb Code     8  startup_stm32f103xb.o(.text)
    ADC1_2_IRQHandler                        0x080001df   Thumb Code     0  startup_stm32f103xb.o(.text)
    CAN1_SCE_IRQHandler                      0x080001df   Thumb Code     0  startup_stm32f103xb.o(.text)
    DMA1_Channel6_IRQHandler                 0x080001df   Thumb Code     0  startup_stm32f103xb.o(.text)
    DMA1_Channel7_IRQHandler                 0x080001df   Thumb Code     0  startup_stm32f103xb.o(.text)
    EXTI0_IRQHandler                         0x080001df   Thumb Code     0  startup_stm32f103xb.o(.text)
    EXTI15_10_IRQHandler                     0x080001df   Thumb Code     0  startup_stm32f103xb.o(.text)
    EXTI1_IRQHandler                         0x080001df   Thumb Code     0  startup_stm32f103xb.o(.text)
    EXTI2_IRQHandler                         0x080001df   Thumb Code     0  startup_stm32f103xb.o(.text)
    EXTI3_IRQHandler                         0x080001df   Thumb Code     0  startup_stm32f103xb.o(.text)
    EXTI4_IRQHandler                         0x080001df   Thumb Code     0  startup_stm32f103xb.o(.text)
    EXTI9_5_IRQHandler                       0x080001df   Thumb Code     0  startup_stm32f103xb.o(.text)
    FLASH_IRQHandler                         0x080001df   Thumb Code     0  startup_stm32f103xb.o(.text)
    I2C1_ER_IRQHandler                       0x080001df   Thumb Code     0  startup_stm32f103xb.o(.text)
    I2C1_EV_IRQHandler                       0x080001df   Thumb Code     0  startup_stm32f103xb.o(.text)
    I2C2_ER_IRQHandler                       0x080001df   Thumb Code     0  startup_stm32f103xb.o(.text)
    I2C2_EV_IRQHandler                       0x080001df   Thumb Code     0  startup_stm32f103xb.o(.text)
    PVD_IRQHandler                           0x080001df   Thumb Code     0  startup_stm32f103xb.o(.text)
    RCC_IRQHandler                           0x080001df   Thumb Code     0  startup_stm32f103xb.o(.text)
    RTC_Alarm_IRQHandler                     0x080001df   Thumb Code     0  startup_stm32f103xb.o(.text)
    RTC_IRQHandler                           0x080001df   Thumb Code     0  startup_stm32f103xb.o(.text)
    SPI1_IRQHandler                          0x080001df   Thumb Code     0  startup_stm32f103xb.o(.text)
    SPI2_IRQHandler                          0x080001df   Thumb Code     0  startup_stm32f103xb.o(.text)
    TAMPER_IRQHandler                        0x080001df   Thumb Code     0  startup_stm32f103xb.o(.text)
    TIM1_BRK_IRQHandler                      0x080001df   Thumb Code     0  startup_stm32f103xb.o(.text)
    TIM1_CC_IRQHandler                       0x080001df   Thumb Code     0  startup_stm32f103xb.o(.text)
    TIM1_TRG_COM_IRQHandler                  0x080001df   Thumb Code     0  startup_stm32f103xb.o(.text)
    TIM1_UP_IRQHandler                       0x080001df   Thumb Code     0  startup_stm32f103xb.o(.text)
    TIM2_IRQHandler                          0x080001df   Thumb Code     0  startup_stm32f103xb.o(.text)
    TIM3_IRQHandler                          0x080001df   Thumb Code     0  startup_stm32f103xb.o(.text)
    TIM4_IRQHandler                          0x080001df   Thumb Code     0  startup_stm32f103xb.o(.text)
    USART2_IRQHandler                        0x080001df   Thumb Code     0  startup_stm32f103xb.o(.text)
    USBWakeUp_IRQHandler                     0x080001df   Thumb Code     0  startup_stm32f103xb.o(.text)
    USB_HP_CAN1_TX_IRQHandler                0x080001df   Thumb Code     0  startup_stm32f103xb.o(.text)
    USB_LP_CAN1_RX0_IRQHandler               0x080001df   Thumb Code     0  startup_stm32f103xb.o(.text)
    WWDG_IRQHandler                          0x080001df   Thumb Code     0  startup_stm32f103xb.o(.text)
    __user_initial_stackheap                 0x080001e1   Thumb Code     0  startup_stm32f103xb.o(.text)
    __2snprintf                              0x08000205   Thumb Code    50  __2snprintf.o(.text)
    _printf_pre_padding                      0x0800023d   Thumb Code    44  _printf_pad.o(.text)
    _printf_post_padding                     0x08000269   Thumb Code    34  _printf_pad.o(.text)
    _printf_str                              0x0800028b   Thumb Code    82  _printf_str.o(.text)
    _printf_charcount                        0x080002dd   Thumb Code    40  _printf_charcount.o(.text)
    _printf_hex_ptr                          0x08000305   Thumb Code    78  _printf_hex_ptr.o(.text)
    _printf_longlong_hex                     0x08000305   Thumb Code     0  _printf_hex_ptr.o(.text)
    __printf                                 0x08000359   Thumb Code   388  __printf_flags_ss_wp.o(.text)
    memcmp                                   0x080004e1   Thumb Code    88  memcmp.o(.text)
    __aeabi_memclr4                          0x08000539   Thumb Code     0  rt_memclr_w.o(.text)
    __aeabi_memclr8                          0x08000539   Thumb Code     0  rt_memclr_w.o(.text)
    __rt_memclr_w                            0x08000539   Thumb Code    78  rt_memclr_w.o(.text)
    _memset_w                                0x0800053d   Thumb Code     0  rt_memclr_w.o(.text)
    __use_two_region_memory                  0x08000587   Thumb Code     2  heapauxi.o(.text)
    __rt_heap_escrow$2region                 0x08000589   Thumb Code     2  heapauxi.o(.text)
    __rt_heap_expand$2region                 0x0800058b   Thumb Code     2  heapauxi.o(.text)
    _printf_int_common                       0x0800058d   Thumb Code   178  _printf_intcommon.o(.text)
    __lib_sel_fp_printf                      0x0800063f   Thumb Code     2  _printf_fp_dec.o(.text)
    _printf_fp_dec_real                      0x080007f1   Thumb Code   620  _printf_fp_dec.o(.text)
    _printf_fp_hex_real                      0x08000a5d   Thumb Code   756  _printf_fp_hex.o(.text)
    _printf_char_common                      0x08000d63   Thumb Code    32  _printf_char_common.o(.text)
    _sputc                                   0x08000d89   Thumb Code    10  _sputc.o(.text)
    _snputc                                  0x08000d93   Thumb Code    16  _snputc.o(.text)
    _printf_cs_common                        0x08000da3   Thumb Code    20  _printf_char.o(.text)
    _printf_char                             0x08000db7   Thumb Code    16  _printf_char.o(.text)
    _printf_string                           0x08000dc7   Thumb Code     8  _printf_char.o(.text)
    __rt_locale                              0x08000dd1   Thumb Code     8  rt_locale_intlibspace.o(.text)
    _ll_udiv10                               0x08000dd9   Thumb Code   138  lludiv10.o(.text)
    _printf_fp_infnan                        0x08000e65   Thumb Code   112  _printf_fp_infnan.o(.text)
    _btod_etento                             0x08000ee5   Thumb Code   224  bigflt0.o(.text)
    __user_libspace                          0x08000fc9   Thumb Code     8  libspace.o(.text)
    __user_perproc_libspace                  0x08000fc9   Thumb Code     0  libspace.o(.text)
    __user_perthread_libspace                0x08000fc9   Thumb Code     0  libspace.o(.text)
    __user_setup_stackheap                   0x08000fd1   Thumb Code    74  sys_stackheap_outer.o(.text)
    exit                                     0x0800101b   Thumb Code    18  exit.o(.text)
    strcmp                                   0x0800102d   Thumb Code   128  strcmpv7m.o(.text)
    _sys_exit                                0x080010ad   Thumb Code     8  sys_exit.o(.text)
    __I$use$semihosting                      0x080010b9   Thumb Code     0  use_no_semi.o(.text)
    __use_no_semihosting_swi                 0x080010b9   Thumb Code     2  use_no_semi.o(.text)
    __semihosting_library_function           0x080010bb   Thumb Code     0  indicate_semi.o(.text)
    _btod_d2e                                0x080010bb   Thumb Code    62  btod.o(CL$$btod_d2e)
    _d2e_denorm_low                          0x080010f9   Thumb Code    70  btod.o(CL$$btod_d2e_denorm_low)
    _d2e_norm_op1                            0x0800113f   Thumb Code    96  btod.o(CL$$btod_d2e_norm_op1)
    __btod_div_common                        0x0800119f   Thumb Code   696  btod.o(CL$$btod_div_common)
    _e2e                                     0x080014d7   Thumb Code   220  btod.o(CL$$btod_e2e)
    _btod_ediv                               0x080015b3   Thumb Code    42  btod.o(CL$$btod_ediv)
    _btod_emul                               0x080015dd   Thumb Code    42  btod.o(CL$$btod_emul)
    __btod_mult_common                       0x08001607   Thumb Code   580  btod.o(CL$$btod_mult_common)
    ADC_ConversionStop_Disable               0x0800184b   Thumb Code    92  stm32f1xx_hal_adc.o(i.ADC_ConversionStop_Disable)
    ADC_DMAConvCplt                          0x080018a7   Thumb Code    82  stm32f1xx_hal_adc.o(i.ADC_DMAConvCplt)
    ADC_DMAError                             0x080018f9   Thumb Code    30  stm32f1xx_hal_adc.o(i.ADC_DMAError)
    ADC_DMAHalfConvCplt                      0x08001917   Thumb Code    14  stm32f1xx_hal_adc.o(i.ADC_DMAHalfConvCplt)
    ADC_Enable                               0x08001925   Thumb Code   134  stm32f1xx_hal_adc.o(i.ADC_Enable)
    AppControl_Init                          0x08001a01   Thumb Code    44  app_control.o(i.AppControl_Init)
    AppControl_Process                       0x08001a49   Thumb Code    94  app_control.o(i.AppControl_Process)
    AppControl_SetCylinderDiameter           0x08001ac1   Thumb Code    38  app_control.o(i.AppControl_SetCylinderDiameter)
    BusFault_Handler                         0x08001af1   Thumb Code     4  stm32f1xx_it.o(i.BusFault_Handler)
    CAN1_RX1_IRQHandler                      0x08001af5   Thumb Code    10  stm32f1xx_it.o(i.CAN1_RX1_IRQHandler)
    DMA1_Channel1_IRQHandler                 0x08001b05   Thumb Code    10  stm32f1xx_it.o(i.DMA1_Channel1_IRQHandler)
    DMA1_Channel2_IRQHandler                 0x08001b15   Thumb Code    10  stm32f1xx_it.o(i.DMA1_Channel2_IRQHandler)
    DMA1_Channel3_IRQHandler                 0x08001b25   Thumb Code    10  stm32f1xx_it.o(i.DMA1_Channel3_IRQHandler)
    DMA1_Channel4_IRQHandler                 0x08001b35   Thumb Code    10  stm32f1xx_it.o(i.DMA1_Channel4_IRQHandler)
    DMA1_Channel5_IRQHandler                 0x08001b45   Thumb Code    10  stm32f1xx_it.o(i.DMA1_Channel5_IRQHandler)
    DebugMon_Handler                         0x08001b81   Thumb Code     2  stm32f1xx_it.o(i.DebugMon_Handler)
    Error_Handler                            0x08001b83   Thumb Code     6  main.o(i.Error_Handler)
    HAL_ADCEx_Calibration_Start              0x08001b89   Thumb Code   278  stm32f1xx_hal_adc_ex.o(i.HAL_ADCEx_Calibration_Start)
    HAL_ADC_ConfigChannel                    0x08001ca5   Thumb Code   338  stm32f1xx_hal_adc.o(i.HAL_ADC_ConfigChannel)
    HAL_ADC_ConvCpltCallback                 0x08001e05   Thumb Code    16  pressure_measure.o(i.HAL_ADC_ConvCpltCallback)
    HAL_ADC_ConvHalfCpltCallback             0x08001e1d   Thumb Code     2  stm32f1xx_hal_adc.o(i.HAL_ADC_ConvHalfCpltCallback)
    HAL_ADC_ErrorCallback                    0x08001e1f   Thumb Code     2  stm32f1xx_hal_adc.o(i.HAL_ADC_ErrorCallback)
    HAL_ADC_Init                             0x08001e21   Thumb Code   314  stm32f1xx_hal_adc.o(i.HAL_ADC_Init)
    HAL_ADC_MspInit                          0x08001f65   Thumb Code   314  adc.o(i.HAL_ADC_MspInit)
    HAL_ADC_Start_DMA                        0x080020bd   Thumb Code   362  stm32f1xx_hal_adc.o(i.HAL_ADC_Start_DMA)
    HAL_CAN_ErrorCallback                    0x0800223d   Thumb Code     2  stm32f1xx_hal_can.o(i.HAL_CAN_ErrorCallback)
    HAL_CAN_IRQHandler                       0x0800223f   Thumb Code   590  stm32f1xx_hal_can.o(i.HAL_CAN_IRQHandler)
    HAL_CAN_Init                             0x0800248d   Thumb Code   372  stm32f1xx_hal_can.o(i.HAL_CAN_Init)
    HAL_CAN_MspInit                          0x08002601   Thumb Code   138  can.o(i.HAL_CAN_MspInit)
    HAL_CAN_RxFifo0FullCallback              0x08002699   Thumb Code     2  stm32f1xx_hal_can.o(i.HAL_CAN_RxFifo0FullCallback)
    HAL_CAN_RxFifo0MsgPendingCallback        0x0800269b   Thumb Code     2  stm32f1xx_hal_can.o(i.HAL_CAN_RxFifo0MsgPendingCallback)
    HAL_CAN_RxFifo1FullCallback              0x0800269d   Thumb Code     2  stm32f1xx_hal_can.o(i.HAL_CAN_RxFifo1FullCallback)
    HAL_CAN_RxFifo1MsgPendingCallback        0x0800269f   Thumb Code     2  stm32f1xx_hal_can.o(i.HAL_CAN_RxFifo1MsgPendingCallback)
    HAL_CAN_SleepCallback                    0x080026a1   Thumb Code     2  stm32f1xx_hal_can.o(i.HAL_CAN_SleepCallback)
    HAL_CAN_TxMailbox0AbortCallback          0x080026a3   Thumb Code     2  stm32f1xx_hal_can.o(i.HAL_CAN_TxMailbox0AbortCallback)
    HAL_CAN_TxMailbox0CompleteCallback       0x080026a5   Thumb Code     2  stm32f1xx_hal_can.o(i.HAL_CAN_TxMailbox0CompleteCallback)
    HAL_CAN_TxMailbox1AbortCallback          0x080026a7   Thumb Code     2  stm32f1xx_hal_can.o(i.HAL_CAN_TxMailbox1AbortCallback)
    HAL_CAN_TxMailbox1CompleteCallback       0x080026a9   Thumb Code     2  stm32f1xx_hal_can.o(i.HAL_CAN_TxMailbox1CompleteCallback)
    HAL_CAN_TxMailbox2AbortCallback          0x080026ab   Thumb Code     2  stm32f1xx_hal_can.o(i.HAL_CAN_TxMailbox2AbortCallback)
    HAL_CAN_TxMailbox2CompleteCallback       0x080026ad   Thumb Code     2  stm32f1xx_hal_can.o(i.HAL_CAN_TxMailbox2CompleteCallback)
    HAL_CAN_WakeUpFromRxMsgCallback          0x080026af   Thumb Code     2  stm32f1xx_hal_can.o(i.HAL_CAN_WakeUpFromRxMsgCallback)
    HAL_DMA_Abort                            0x080026b1   Thumb Code    86  stm32f1xx_hal_dma.o(i.HAL_DMA_Abort)
    HAL_DMA_Abort_IT                         0x08002709   Thumb Code   172  stm32f1xx_hal_dma.o(i.HAL_DMA_Abort_IT)
    HAL_DMA_IRQHandler                       0x080027b9   Thumb Code   408  stm32f1xx_hal_dma.o(i.HAL_DMA_IRQHandler)
    HAL_DMA_Init                             0x08002955   Thumb Code   100  stm32f1xx_hal_dma.o(i.HAL_DMA_Init)
    HAL_DMA_Start_IT                         0x080029bd   Thumb Code   156  stm32f1xx_hal_dma.o(i.HAL_DMA_Start_IT)
    HAL_GPIO_Init                            0x08002a59   Thumb Code   766  stm32f1xx_hal_gpio.o(i.HAL_GPIO_Init)
    HAL_GetTick                              0x08002d79   Thumb Code     6  stm32f1xx_hal.o(i.HAL_GetTick)
    HAL_I2C_Init                             0x08002d85   Thumb Code   446  stm32f1xx_hal_i2c.o(i.HAL_I2C_Init)
    HAL_I2C_MspInit                          0x08002f55   Thumb Code   104  i2c.o(i.HAL_I2C_MspInit)
    HAL_IncTick                              0x08002fc9   Thumb Code    16  stm32f1xx_hal.o(i.HAL_IncTick)
    HAL_Init                                 0x08002fe1   Thumb Code    34  stm32f1xx_hal.o(i.HAL_Init)
    HAL_InitTick                             0x08003009   Thumb Code    64  stm32f1xx_hal.o(i.HAL_InitTick)
    HAL_MspInit                              0x08003055   Thumb Code    76  stm32f1xx_hal_msp.o(i.HAL_MspInit)
    HAL_NVIC_EnableIRQ                       0x080030a9   Thumb Code    32  stm32f1xx_hal_cortex.o(i.HAL_NVIC_EnableIRQ)
    HAL_NVIC_SetPriority                     0x080030c9   Thumb Code   124  stm32f1xx_hal_cortex.o(i.HAL_NVIC_SetPriority)
    HAL_NVIC_SetPriorityGrouping             0x08003145   Thumb Code    32  stm32f1xx_hal_cortex.o(i.HAL_NVIC_SetPriorityGrouping)
    HAL_RCCEx_GetPeriphCLKFreq               0x0800316d   Thumb Code   232  stm32f1xx_hal_rcc_ex.o(i.HAL_RCCEx_GetPeriphCLKFreq)
    HAL_RCCEx_PeriphCLKConfig                0x08003269   Thumb Code   290  stm32f1xx_hal_rcc_ex.o(i.HAL_RCCEx_PeriphCLKConfig)
    HAL_RCC_ClockConfig                      0x08003399   Thumb Code   376  stm32f1xx_hal_rcc.o(i.HAL_RCC_ClockConfig)
    HAL_RCC_GetHCLKFreq                      0x08003525   Thumb Code     6  stm32f1xx_hal_rcc.o(i.HAL_RCC_GetHCLKFreq)
    HAL_RCC_GetPCLK1Freq                     0x08003531   Thumb Code    22  stm32f1xx_hal_rcc.o(i.HAL_RCC_GetPCLK1Freq)
    HAL_RCC_GetPCLK2Freq                     0x08003551   Thumb Code    22  stm32f1xx_hal_rcc.o(i.HAL_RCC_GetPCLK2Freq)
    HAL_RCC_GetSysClockFreq                  0x08003571   Thumb Code    92  stm32f1xx_hal_rcc.o(i.HAL_RCC_GetSysClockFreq)
    HAL_RCC_OscConfig                        0x080035e1   Thumb Code  1114  stm32f1xx_hal_rcc.o(i.HAL_RCC_OscConfig)
    HAL_SYSTICK_Config                       0x08003a45   Thumb Code    52  stm32f1xx_hal_cortex.o(i.HAL_SYSTICK_Config)
    HAL_UARTEx_ReceiveToIdle_DMA             0x08003a79   Thumb Code   112  stm32f1xx_hal_uart.o(i.HAL_UARTEx_ReceiveToIdle_DMA)
    HAL_UARTEx_RxEventCallback               0x08003ae9   Thumb Code    28  screen_protocol.o(i.HAL_UARTEx_RxEventCallback)
    HAL_UART_ErrorCallback                   0x08003b0d   Thumb Code     2  stm32f1xx_hal_uart.o(i.HAL_UART_ErrorCallback)
    HAL_UART_IRQHandler                      0x08003b11   Thumb Code   736  stm32f1xx_hal_uart.o(i.HAL_UART_IRQHandler)
    HAL_UART_Init                            0x08003df5   Thumb Code   118  stm32f1xx_hal_uart.o(i.HAL_UART_Init)
    HAL_UART_MspInit                         0x08003e6d   Thumb Code   464  usart.o(i.HAL_UART_MspInit)
    HAL_UART_RxCpltCallback                  0x08004065   Thumb Code     2  stm32f1xx_hal_uart.o(i.HAL_UART_RxCpltCallback)
    HAL_UART_RxHalfCpltCallback              0x08004067   Thumb Code     2  stm32f1xx_hal_uart.o(i.HAL_UART_RxHalfCpltCallback)
    HAL_UART_Transmit_DMA                    0x08004069   Thumb Code   128  stm32f1xx_hal_uart.o(i.HAL_UART_Transmit_DMA)
    HAL_UART_TxCpltCallback                  0x080040f5   Thumb Code    16  screen_protocol.o(i.HAL_UART_TxCpltCallback)
    HAL_UART_TxHalfCpltCallback              0x0800410d   Thumb Code     2  stm32f1xx_hal_uart.o(i.HAL_UART_TxHalfCpltCallback)
    HardFault_Handler                        0x0800410f   Thumb Code     4  stm32f1xx_it.o(i.HardFault_Handler)
    MX_ADC1_Init                             0x08004115   Thumb Code   304  adc.o(i.MX_ADC1_Init)
    MX_CAN_Init                              0x0800424d   Thumb Code    48  can.o(i.MX_CAN_Init)
    MX_DMA_Init                              0x08004285   Thumb Code   112  dma.o(i.MX_DMA_Init)
    MX_GPIO_Init                             0x080042f9   Thumb Code    84  gpio.o(i.MX_GPIO_Init)
    MX_I2C1_Init                             0x08004351   Thumb Code    48  i2c.o(i.MX_I2C1_Init)
    MX_USART1_UART_Init                      0x0800438d   Thumb Code    46  usart.o(i.MX_USART1_UART_Init)
    MX_USART3_UART_Init                      0x080043c5   Thumb Code    46  usart.o(i.MX_USART3_UART_Init)
    MemManage_Handler                        0x080043fd   Thumb Code     4  stm32f1xx_it.o(i.MemManage_Handler)
    NMI_Handler                              0x08004401   Thumb Code     4  stm32f1xx_it.o(i.NMI_Handler)
    PendSV_Handler                           0x08004405   Thumb Code     2  stm32f1xx_it.o(i.PendSV_Handler)
    PressureMeasure_GetMpa                   0x08004409   Thumb Code     6  pressure_measure.o(i.PressureMeasure_GetMpa)
    PressureMeasure_Init                     0x08004415   Thumb Code    38  pressure_measure.o(i.PressureMeasure_Init)
    PressureMeasure_Process                  0x08004455   Thumb Code   154  pressure_measure.o(i.PressureMeasure_Process)
    Pressure_CalculateMpa                    0x08004545   Thumb Code    78  pressure_measure.o(i.Pressure_CalculateMpa)
    Pressure_CalculateRobustCode             0x080045a5   Thumb Code   126  pressure_measure.o(i.Pressure_CalculateRobustCode)
    SVC_Handler                              0x08004675   Thumb Code     2  stm32f1xx_it.o(i.SVC_Handler)
    ScreenProtocol_Init                      0x080046f5   Thumb Code    24  screen_protocol.o(i.ScreenProtocol_Init)
    ScreenProtocol_IsTransmitConfigured      0x08004729   Thumb Code    14  screen_protocol.o(i.ScreenProtocol_IsTransmitConfigured)
    ScreenProtocol_PollEvent                 0x08004819   Thumb Code    36  screen_protocol.o(i.ScreenProtocol_PollEvent)
    ScreenProtocol_SendMeasurements          0x08004845   Thumb Code   132  screen_protocol.o(i.ScreenProtocol_SendMeasurements)
    SysTick_Handler                          0x08004905   Thumb Code     8  stm32f1xx_it.o(i.SysTick_Handler)
    SystemClock_Config                       0x0800490d   Thumb Code   132  main.o(i.SystemClock_Config)
    SystemInit                               0x08004991   Thumb Code     2  system_stm32f1xx.o(i.SystemInit)
    Thrust_CalculateNewton                   0x08004995   Thumb Code    90  thrust_calculator.o(i.Thrust_CalculateNewton)
    Thrust_Convert                           0x080049fd   Thumb Code    52  thrust_calculator.o(i.Thrust_Convert)
    Thrust_GetUnitText                       0x08004a39   Thumb Code    28  thrust_calculator.o(i.Thrust_GetUnitText)
    UART_Start_Receive_DMA                   0x08004ead   Thumb Code   186  stm32f1xx_hal_uart.o(i.UART_Start_Receive_DMA)
    USART1_IRQHandler                        0x08004fd5   Thumb Code    10  stm32f1xx_it.o(i.USART1_IRQHandler)
    USART3_IRQHandler                        0x08004fe5   Thumb Code    10  stm32f1xx_it.o(i.USART3_IRQHandler)
    UsageFault_Handler                       0x08004ff5   Thumb Code     4  stm32f1xx_it.o(i.UsageFault_Handler)
    __ARM_fpclassify                         0x08004ff9   Thumb Code    40  fpclassify.o(i.__ARM_fpclassify)
    _is_digit                                0x08005059   Thumb Code    14  __printf_wp.o(i._is_digit)
    main                                     0x08005067   Thumb Code    48  main.o(i.main)
    _get_lc_numeric                          0x08005099   Thumb Code    44  lc_numeric_c.o(locale$$code)
    __fpl_dretinf                            0x080050c5   Thumb Code    12  dretinf.o(x$fpl$dretinf)
    __aeabi_f2d                              0x080050d1   Thumb Code     0  f2d.o(x$fpl$f2d)
    _f2d                                     0x080050d1   Thumb Code    86  f2d.o(x$fpl$f2d)
    __aeabi_fadd                             0x08005129   Thumb Code     0  faddsub_clz.o(x$fpl$fadd)
    _fadd                                    0x08005129   Thumb Code   196  faddsub_clz.o(x$fpl$fadd)
    __fpl_fcmp_Inf                           0x080051ed   Thumb Code    24  fcmpi.o(x$fpl$fcmpinf)
    __aeabi_fdiv                             0x08005205   Thumb Code     0  fdiv.o(x$fpl$fdiv)
    _fdiv                                    0x08005205   Thumb Code   384  fdiv.o(x$fpl$fdiv)
    __aeabi_i2f                              0x08005389   Thumb Code     0  fflt_clz.o(x$fpl$fflt)
    _fflt                                    0x08005389   Thumb Code    48  fflt_clz.o(x$fpl$fflt)
    __aeabi_ui2f                             0x080053b9   Thumb Code     0  fflt_clz.o(x$fpl$ffltu)
    _ffltu                                   0x080053b9   Thumb Code    38  fflt_clz.o(x$fpl$ffltu)
    __aeabi_cfcmple                          0x080053e1   Thumb Code     0  fleqf.o(x$fpl$fleqf)
    _fcmple                                  0x080053e1   Thumb Code   104  fleqf.o(x$fpl$fleqf)
    __fpl_fcmple_InfNaN                      0x08005433   Thumb Code     0  fleqf.o(x$fpl$fleqf)
    __aeabi_fmul                             0x08005449   Thumb Code     0  fmul.o(x$fpl$fmul)
    _fmul                                    0x08005449   Thumb Code   258  fmul.o(x$fpl$fmul)
    __fpl_fnaninf                            0x0800554b   Thumb Code   140  fnaninf.o(x$fpl$fnaninf)
    __fpl_fretinf                            0x080055d7   Thumb Code    10  fretinf.o(x$fpl$fretinf)
    __aeabi_cfrcmple                         0x080055e1   Thumb Code     0  frleqf.o(x$fpl$frleqf)
    _frcmple                                 0x080055e1   Thumb Code    98  frleqf.o(x$fpl$frleqf)
    __aeabi_fsub                             0x08005645   Thumb Code     0  faddsub_clz.o(x$fpl$fsub)
    _fsub                                    0x08005645   Thumb Code   234  faddsub_clz.o(x$fpl$fsub)
    _printf_fp_dec                           0x0800572f   Thumb Code     4  printf1.o(x$fpl$printf1)
    _printf_fp_hex                           0x08005733   Thumb Code     4  printf2.o(x$fpl$printf2)
    __I$use$fp                               0x08005736   Number         0  usenofp.o(x$fpl$usenofp)
    AHBPrescTable                            0x0800575a   Data          16  system_stm32f1xx.o(.constdata)
    APBPrescTable                            0x0800576a   Data           8  system_stm32f1xx.o(.constdata)
    Region$$Table$$Base                      0x08005868   Number         0  anon$$obj.o(Region$$Table)
    Region$$Table$$Limit                     0x08005888   Number         0  anon$$obj.o(Region$$Table)
    uwTick                                   0x20000000   Data           4  stm32f1xx_hal.o(.data)
    uwTickPrio                               0x20000004   Data           4  stm32f1xx_hal.o(.data)
    uwTickFreq                               0x20000008   Data           1  stm32f1xx_hal.o(.data)
    SystemCoreClock                          0x2000000c   Data           4  system_stm32f1xx.o(.data)
    hadc1                                    0x20000044   Data          48  adc.o(.bss)
    hadc2                                    0x20000074   Data          48  adc.o(.bss)
    hdma_adc1                                0x200000a4   Data          68  adc.o(.bss)
    hcan                                     0x200000e8   Data          40  can.o(.bss)
    hi2c1                                    0x20000110   Data          84  i2c.o(.bss)
    huart1                                   0x20000164   Data          72  usart.o(.bss)
    huart3                                   0x200001ac   Data          72  usart.o(.bss)
    hdma_usart1_rx                           0x200001f4   Data          68  usart.o(.bss)
    hdma_usart1_tx                           0x20000238   Data          68  usart.o(.bss)
    hdma_usart3_rx                           0x2000027c   Data          68  usart.o(.bss)
    hdma_usart3_tx                           0x200002c0   Data          68  usart.o(.bss)
    __libspace_start                         0x200003dc   Data          96  libspace.o(.bss)
    __temporary_stack_top$libspace           0x2000043c   Data           0  libspace.o(.bss)



==============================================================================

Memory Map of the image

  Image Entry point : 0x080000ed

  Load Region LR_IROM1 (Base: 0x08000000, Size: 0x000058e8, Max: 0x00010000, ABSOLUTE)

    Execution Region ER_IROM1 (Exec base: 0x08000000, Load base: 0x08000000, Size: 0x000058a4, Max: 0x00010000, ABSOLUTE)

    Exec Addr    Load Addr    Size         Type   Attr      Idx    E Section Name        Object

    0x08000000   0x08000000   0x000000ec   Data   RO            3    RESET               startup_stm32f103xb.o
    0x080000ec   0x080000ec   0x00000008   Code   RO         3388  * !!!main             c_w.l(__main.o)
    0x080000f4   0x080000f4   0x00000034   Code   RO         3649    !!!scatter          c_w.l(__scatter.o)
    0x08000128   0x08000128   0x0000001a   Code   RO         3651    !!handler_copy      c_w.l(__scatter_copy.o)
    0x08000142   0x08000142   0x00000002   PAD
    0x08000144   0x08000144   0x0000001c   Code   RO         3653    !!handler_zi        c_w.l(__scatter_zi.o)
    0x08000160   0x08000160   0x00000000   Code   RO         3381    .ARM.Collect$$_printf_percent$$00000000  c_w.l(_printf_percent.o)
    0x08000160   0x08000160   0x00000006   Code   RO         3375    .ARM.Collect$$_printf_percent$$00000001  c_w.l(_printf_n.o)
    0x08000166   0x08000166   0x00000006   Code   RO         3376    .ARM.Collect$$_printf_percent$$00000002  c_w.l(_printf_p.o)
    0x0800016c   0x0800016c   0x00000006   Code   RO         3377    .ARM.Collect$$_printf_percent$$00000003  c_w.l(_printf_f.o)
    0x08000172   0x08000172   0x00000006   Code   RO         3378    .ARM.Collect$$_printf_percent$$00000004  c_w.l(_printf_e.o)
    0x08000178   0x08000178   0x00000006   Code   RO         3379    .ARM.Collect$$_printf_percent$$00000005  c_w.l(_printf_g.o)
    0x0800017e   0x0800017e   0x00000006   Code   RO         3380    .ARM.Collect$$_printf_percent$$00000006  c_w.l(_printf_a.o)
    0x08000184   0x08000184   0x00000006   Code   RO         3374    .ARM.Collect$$_printf_percent$$00000014  c_w.l(_printf_s.o)
    0x0800018a   0x0800018a   0x00000004   Code   RO         3438    .ARM.Collect$$_printf_percent$$00000017  c_w.l(_printf_percent_end.o)
    0x0800018e   0x0800018e   0x00000002   Code   RO         3520    .ARM.Collect$$libinit$$00000000  c_w.l(libinit.o)
    0x08000190   0x08000190   0x00000000   Code   RO         3522    .ARM.Collect$$libinit$$00000002  c_w.l(libinit2.o)
    0x08000190   0x08000190   0x00000000   Code   RO         3524    .ARM.Collect$$libinit$$00000004  c_w.l(libinit2.o)
    0x08000190   0x08000190   0x00000000   Code   RO         3527    .ARM.Collect$$libinit$$0000000A  c_w.l(libinit2.o)
    0x08000190   0x08000190   0x00000000   Code   RO         3529    .ARM.Collect$$libinit$$0000000C  c_w.l(libinit2.o)
    0x08000190   0x08000190   0x00000000   Code   RO         3531    .ARM.Collect$$libinit$$0000000E  c_w.l(libinit2.o)
    0x08000190   0x08000190   0x00000006   Code   RO         3532    .ARM.Collect$$libinit$$0000000F  c_w.l(libinit2.o)
    0x08000196   0x08000196   0x00000000   Code   RO         3534    .ARM.Collect$$libinit$$00000011  c_w.l(libinit2.o)
    0x08000196   0x08000196   0x00000000   Code   RO         3536    .ARM.Collect$$libinit$$00000013  c_w.l(libinit2.o)
    0x08000196   0x08000196   0x00000000   Code   RO         3538    .ARM.Collect$$libinit$$00000015  c_w.l(libinit2.o)
    0x08000196   0x08000196   0x0000000a   Code   RO         3539    .ARM.Collect$$libinit$$00000016  c_w.l(libinit2.o)
    0x080001a0   0x080001a0   0x00000000   Code   RO         3540    .ARM.Collect$$libinit$$00000017  c_w.l(libinit2.o)
    0x080001a0   0x080001a0   0x00000000   Code   RO         3542    .ARM.Collect$$libinit$$00000019  c_w.l(libinit2.o)
    0x080001a0   0x080001a0   0x00000000   Code   RO         3544    .ARM.Collect$$libinit$$0000001B  c_w.l(libinit2.o)
    0x080001a0   0x080001a0   0x00000000   Code   RO         3546    .ARM.Collect$$libinit$$0000001D  c_w.l(libinit2.o)
    0x080001a0   0x080001a0   0x00000000   Code   RO         3548    .ARM.Collect$$libinit$$0000001F  c_w.l(libinit2.o)
    0x080001a0   0x080001a0   0x00000000   Code   RO         3550    .ARM.Collect$$libinit$$00000021  c_w.l(libinit2.o)
    0x080001a0   0x080001a0   0x00000000   Code   RO         3552    .ARM.Collect$$libinit$$00000023  c_w.l(libinit2.o)
    0x080001a0   0x080001a0   0x00000000   Code   RO         3554    .ARM.Collect$$libinit$$00000025  c_w.l(libinit2.o)
    0x080001a0   0x080001a0   0x00000000   Code   RO         3558    .ARM.Collect$$libinit$$0000002C  c_w.l(libinit2.o)
    0x080001a0   0x080001a0   0x00000000   Code   RO         3560    .ARM.Collect$$libinit$$0000002E  c_w.l(libinit2.o)
    0x080001a0   0x080001a0   0x00000000   Code   RO         3562    .ARM.Collect$$libinit$$00000030  c_w.l(libinit2.o)
    0x080001a0   0x080001a0   0x00000000   Code   RO         3564    .ARM.Collect$$libinit$$00000032  c_w.l(libinit2.o)
    0x080001a0   0x080001a0   0x00000002   Code   RO         3565    .ARM.Collect$$libinit$$00000033  c_w.l(libinit2.o)
    0x080001a2   0x080001a2   0x00000002   Code   RO         3595    .ARM.Collect$$libshutdown$$00000000  c_w.l(libshutdown.o)
    0x080001a4   0x080001a4   0x00000000   Code   RO         3606    .ARM.Collect$$libshutdown$$00000002  c_w.l(libshutdown2.o)
    0x080001a4   0x080001a4   0x00000000   Code   RO         3608    .ARM.Collect$$libshutdown$$00000004  c_w.l(libshutdown2.o)
    0x080001a4   0x080001a4   0x00000000   Code   RO         3610    .ARM.Collect$$libshutdown$$00000006  c_w.l(libshutdown2.o)
    0x080001a4   0x080001a4   0x00000000   Code   RO         3613    .ARM.Collect$$libshutdown$$00000009  c_w.l(libshutdown2.o)
    0x080001a4   0x080001a4   0x00000000   Code   RO         3616    .ARM.Collect$$libshutdown$$0000000C  c_w.l(libshutdown2.o)
    0x080001a4   0x080001a4   0x00000000   Code   RO         3618    .ARM.Collect$$libshutdown$$0000000E  c_w.l(libshutdown2.o)
    0x080001a4   0x080001a4   0x00000000   Code   RO         3621    .ARM.Collect$$libshutdown$$00000011  c_w.l(libshutdown2.o)
    0x080001a4   0x080001a4   0x00000002   Code   RO         3622    .ARM.Collect$$libshutdown$$00000012  c_w.l(libshutdown2.o)
    0x080001a6   0x080001a6   0x00000000   Code   RO         3422    .ARM.Collect$$rtentry$$00000000  c_w.l(__rtentry.o)
    0x080001a6   0x080001a6   0x00000000   Code   RO         3449    .ARM.Collect$$rtentry$$00000002  c_w.l(__rtentry2.o)
    0x080001a6   0x080001a6   0x00000006   Code   RO         3461    .ARM.Collect$$rtentry$$00000004  c_w.l(__rtentry4.o)
    0x080001ac   0x080001ac   0x00000000   Code   RO         3451    .ARM.Collect$$rtentry$$00000009  c_w.l(__rtentry2.o)
    0x080001ac   0x080001ac   0x00000004   Code   RO         3452    .ARM.Collect$$rtentry$$0000000A  c_w.l(__rtentry2.o)
    0x080001b0   0x080001b0   0x00000000   Code   RO         3454    .ARM.Collect$$rtentry$$0000000C  c_w.l(__rtentry2.o)
    0x080001b0   0x080001b0   0x00000008   Code   RO         3455    .ARM.Collect$$rtentry$$0000000D  c_w.l(__rtentry2.o)
    0x080001b8   0x080001b8   0x00000002   Code   RO         3566    .ARM.Collect$$rtexit$$00000000  c_w.l(rtexit.o)
    0x080001ba   0x080001ba   0x00000000   Code   RO         3573    .ARM.Collect$$rtexit$$00000002  c_w.l(rtexit2.o)
    0x080001ba   0x080001ba   0x00000004   Code   RO         3574    .ARM.Collect$$rtexit$$00000003  c_w.l(rtexit2.o)
    0x080001be   0x080001be   0x00000006   Code   RO         3575    .ARM.Collect$$rtexit$$00000004  c_w.l(rtexit2.o)
    0x080001c4   0x080001c4   0x00000040   Code   RO            4    .text               startup_stm32f103xb.o
    0x08000204   0x08000204   0x00000038   Code   RO         3321    .text               c_w.l(__2snprintf.o)
    0x0800023c   0x0800023c   0x0000004e   Code   RO         3327    .text               c_w.l(_printf_pad.o)
    0x0800028a   0x0800028a   0x00000052   Code   RO         3329    .text               c_w.l(_printf_str.o)
    0x080002dc   0x080002dc   0x00000028   Code   RO         3331    .text               c_w.l(_printf_charcount.o)
    0x08000304   0x08000304   0x00000054   Code   RO         3342    .text               c_w.l(_printf_hex_ptr.o)
    0x08000358   0x08000358   0x00000188   Code   RO         3371    .text               c_w.l(__printf_flags_ss_wp.o)
    0x080004e0   0x080004e0   0x00000058   Code   RO         3382    .text               c_w.l(memcmp.o)
    0x08000538   0x08000538   0x0000004e   Code   RO         3384    .text               c_w.l(rt_memclr_w.o)
    0x08000586   0x08000586   0x00000006   Code   RO         3386    .text               c_w.l(heapauxi.o)
    0x0800058c   0x0800058c   0x000000b2   Code   RO         3423    .text               c_w.l(_printf_intcommon.o)
    0x0800063e   0x0800063e   0x0000041e   Code   RO         3425    .text               c_w.l(_printf_fp_dec.o)
    0x08000a5c   0x08000a5c   0x000002fc   Code   RO         3427    .text               c_w.l(_printf_fp_hex.o)
    0x08000d58   0x08000d58   0x00000030   Code   RO         3430    .text               c_w.l(_printf_char_common.o)
    0x08000d88   0x08000d88   0x0000000a   Code   RO         3432    .text               c_w.l(_sputc.o)
    0x08000d92   0x08000d92   0x00000010   Code   RO         3434    .text               c_w.l(_snputc.o)
    0x08000da2   0x08000da2   0x0000002c   Code   RO         3436    .text               c_w.l(_printf_char.o)
    0x08000dce   0x08000dce   0x00000002   PAD
    0x08000dd0   0x08000dd0   0x00000008   Code   RO         3466    .text               c_w.l(rt_locale_intlibspace.o)
    0x08000dd8   0x08000dd8   0x0000008a   Code   RO         3468    .text               c_w.l(lludiv10.o)
    0x08000e62   0x08000e62   0x00000002   PAD
    0x08000e64   0x08000e64   0x00000080   Code   RO         3470    .text               c_w.l(_printf_fp_infnan.o)
    0x08000ee4   0x08000ee4   0x000000e4   Code   RO         3474    .text               c_w.l(bigflt0.o)
    0x08000fc8   0x08000fc8   0x00000008   Code   RO         3506    .text               c_w.l(libspace.o)
    0x08000fd0   0x08000fd0   0x0000004a   Code   RO         3509    .text               c_w.l(sys_stackheap_outer.o)
    0x0800101a   0x0800101a   0x00000012   Code   RO         3511    .text               c_w.l(exit.o)
    0x0800102c   0x0800102c   0x00000080   Code   RO         3513    .text               c_w.l(strcmpv7m.o)
    0x080010ac   0x080010ac   0x0000000c   Code   RO         3585    .text               c_w.l(sys_exit.o)
    0x080010b8   0x080010b8   0x00000002   Code   RO         3596    .text               c_w.l(use_no_semi.o)
    0x080010ba   0x080010ba   0x00000000   Code   RO         3598    .text               c_w.l(indicate_semi.o)
    0x080010ba   0x080010ba   0x0000003e   Code   RO         3477    CL$$btod_d2e        c_w.l(btod.o)
    0x080010f8   0x080010f8   0x00000046   Code   RO         3479    CL$$btod_d2e_denorm_low  c_w.l(btod.o)
    0x0800113e   0x0800113e   0x00000060   Code   RO         3478    CL$$btod_d2e_norm_op1  c_w.l(btod.o)
    0x0800119e   0x0800119e   0x00000338   Code   RO         3487    CL$$btod_div_common  c_w.l(btod.o)
    0x080014d6   0x080014d6   0x000000dc   Code   RO         3484    CL$$btod_e2e        c_w.l(btod.o)
    0x080015b2   0x080015b2   0x0000002a   Code   RO         3481    CL$$btod_ediv       c_w.l(btod.o)
    0x080015dc   0x080015dc   0x0000002a   Code   RO         3480    CL$$btod_emul       c_w.l(btod.o)
    0x08001606   0x08001606   0x00000244   Code   RO         3486    CL$$btod_mult_common  c_w.l(btod.o)
    0x0800184a   0x0800184a   0x0000005c   Code   RO          590    i.ADC_ConversionStop_Disable  stm32f1xx_hal_adc.o
    0x080018a6   0x080018a6   0x00000052   Code   RO          591    i.ADC_DMAConvCplt   stm32f1xx_hal_adc.o
    0x080018f8   0x080018f8   0x0000001e   Code   RO          592    i.ADC_DMAError      stm32f1xx_hal_adc.o
    0x08001916   0x08001916   0x0000000e   Code   RO          593    i.ADC_DMAHalfConvCplt  stm32f1xx_hal_adc.o
    0x08001924   0x08001924   0x00000090   Code   RO          594    i.ADC_Enable        stm32f1xx_hal_adc.o
    0x080019b4   0x080019b4   0x00000020   Code   RO         3245    i.AppControl_CycleUnit  app_control.o
    0x080019d4   0x080019d4   0x0000002c   Code   RO         3250    i.AppControl_HandleScreenEvents  app_control.o
    0x08001a00   0x08001a00   0x00000048   Code   RO         3251    i.AppControl_Init   app_control.o
    0x08001a48   0x08001a48   0x00000078   Code   RO         3252    i.AppControl_Process  app_control.o
    0x08001ac0   0x08001ac0   0x00000030   Code   RO         3253    i.AppControl_SetCylinderDiameter  app_control.o
    0x08001af0   0x08001af0   0x00000004   Code   RO          406    i.BusFault_Handler  stm32f1xx_it.o
    0x08001af4   0x08001af4   0x00000010   Code   RO          407    i.CAN1_RX1_IRQHandler  stm32f1xx_it.o
    0x08001b04   0x08001b04   0x00000010   Code   RO          408    i.DMA1_Channel1_IRQHandler  stm32f1xx_it.o
    0x08001b14   0x08001b14   0x00000010   Code   RO          409    i.DMA1_Channel2_IRQHandler  stm32f1xx_it.o
    0x08001b24   0x08001b24   0x00000010   Code   RO          410    i.DMA1_Channel3_IRQHandler  stm32f1xx_it.o
    0x08001b34   0x08001b34   0x00000010   Code   RO          411    i.DMA1_Channel4_IRQHandler  stm32f1xx_it.o
    0x08001b44   0x08001b44   0x00000010   Code   RO          412    i.DMA1_Channel5_IRQHandler  stm32f1xx_it.o
    0x08001b54   0x08001b54   0x0000002c   Code   RO         1251    i.DMA_SetConfig     stm32f1xx_hal_dma.o
    0x08001b80   0x08001b80   0x00000002   Code   RO          413    i.DebugMon_Handler  stm32f1xx_it.o
    0x08001b82   0x08001b82   0x00000006   Code   RO           13    i.Error_Handler     main.o
    0x08001b88   0x08001b88   0x0000011c   Code   RO          770    i.HAL_ADCEx_Calibration_Start  stm32f1xx_hal_adc_ex.o
    0x08001ca4   0x08001ca4   0x00000160   Code   RO          596    i.HAL_ADC_ConfigChannel  stm32f1xx_hal_adc.o
    0x08001e04   0x08001e04   0x00000018   Code   RO         3046    i.HAL_ADC_ConvCpltCallback  pressure_measure.o
    0x08001e1c   0x08001e1c   0x00000002   Code   RO          598    i.HAL_ADC_ConvHalfCpltCallback  stm32f1xx_hal_adc.o
    0x08001e1e   0x08001e1e   0x00000002   Code   RO          600    i.HAL_ADC_ErrorCallback  stm32f1xx_hal_adc.o
    0x08001e20   0x08001e20   0x00000144   Code   RO          605    i.HAL_ADC_Init      stm32f1xx_hal_adc.o
    0x08001f64   0x08001f64   0x00000158   Code   RO          203    i.HAL_ADC_MspInit   adc.o
    0x080020bc   0x080020bc   0x00000180   Code   RO          612    i.HAL_ADC_Start_DMA  stm32f1xx_hal_adc.o
    0x0800223c   0x0800223c   0x00000002   Code   RO         1880    i.HAL_CAN_ErrorCallback  stm32f1xx_hal_can.o
    0x0800223e   0x0800223e   0x0000024e   Code   RO         1887    i.HAL_CAN_IRQHandler  stm32f1xx_hal_can.o
    0x0800248c   0x0800248c   0x00000174   Code   RO         1888    i.HAL_CAN_Init      stm32f1xx_hal_can.o
    0x08002600   0x08002600   0x00000098   Code   RO          251    i.HAL_CAN_MspInit   can.o
    0x08002698   0x08002698   0x00000002   Code   RO         1895    i.HAL_CAN_RxFifo0FullCallback  stm32f1xx_hal_can.o
    0x0800269a   0x0800269a   0x00000002   Code   RO         1896    i.HAL_CAN_RxFifo0MsgPendingCallback  stm32f1xx_hal_can.o
    0x0800269c   0x0800269c   0x00000002   Code   RO         1897    i.HAL_CAN_RxFifo1FullCallback  stm32f1xx_hal_can.o
    0x0800269e   0x0800269e   0x00000002   Code   RO         1898    i.HAL_CAN_RxFifo1MsgPendingCallback  stm32f1xx_hal_can.o
    0x080026a0   0x080026a0   0x00000002   Code   RO         1899    i.HAL_CAN_SleepCallback  stm32f1xx_hal_can.o
    0x080026a2   0x080026a2   0x00000002   Code   RO         1902    i.HAL_CAN_TxMailbox0AbortCallback  stm32f1xx_hal_can.o
    0x080026a4   0x080026a4   0x00000002   Code   RO         1903    i.HAL_CAN_TxMailbox0CompleteCallback  stm32f1xx_hal_can.o
    0x080026a6   0x080026a6   0x00000002   Code   RO         1904    i.HAL_CAN_TxMailbox1AbortCallback  stm32f1xx_hal_can.o
    0x080026a8   0x080026a8   0x00000002   Code   RO         1905    i.HAL_CAN_TxMailbox1CompleteCallback  stm32f1xx_hal_can.o
    0x080026aa   0x080026aa   0x00000002   Code   RO         1906    i.HAL_CAN_TxMailbox2AbortCallback  stm32f1xx_hal_can.o
    0x080026ac   0x080026ac   0x00000002   Code   RO         1907    i.HAL_CAN_TxMailbox2CompleteCallback  stm32f1xx_hal_can.o
    0x080026ae   0x080026ae   0x00000002   Code   RO         1909    i.HAL_CAN_WakeUpFromRxMsgCallback  stm32f1xx_hal_can.o
    0x080026b0   0x080026b0   0x00000056   Code   RO         1252    i.HAL_DMA_Abort     stm32f1xx_hal_dma.o
    0x08002706   0x08002706   0x00000002   PAD
    0x08002708   0x08002708   0x000000b0   Code   RO         1253    i.HAL_DMA_Abort_IT  stm32f1xx_hal_dma.o
    0x080027b8   0x080027b8   0x0000019c   Code   RO         1257    i.HAL_DMA_IRQHandler  stm32f1xx_hal_dma.o
    0x08002954   0x08002954   0x00000068   Code   RO         1258    i.HAL_DMA_Init      stm32f1xx_hal_dma.o
    0x080029bc   0x080029bc   0x0000009c   Code   RO         1262    i.HAL_DMA_Start_IT  stm32f1xx_hal_dma.o
    0x08002a58   0x08002a58   0x00000320   Code   RO         1188    i.HAL_GPIO_Init     stm32f1xx_hal_gpio.o
    0x08002d78   0x08002d78   0x0000000c   Code   RO          877    i.HAL_GetTick       stm32f1xx_hal.o
    0x08002d84   0x08002d84   0x000001d0   Code   RO         2119    i.HAL_I2C_Init      stm32f1xx_hal_i2c.o
    0x08002f54   0x08002f54   0x00000074   Code   RO          317    i.HAL_I2C_MspInit   i2c.o
    0x08002fc8   0x08002fc8   0x00000018   Code   RO          883    i.HAL_IncTick       stm32f1xx_hal.o
    0x08002fe0   0x08002fe0   0x00000028   Code   RO          884    i.HAL_Init          stm32f1xx_hal.o
    0x08003008   0x08003008   0x0000004c   Code   RO          885    i.HAL_InitTick      stm32f1xx_hal.o
    0x08003054   0x08003054   0x00000054   Code   RO          530    i.HAL_MspInit       stm32f1xx_hal_msp.o
    0x080030a8   0x080030a8   0x00000020   Code   RO         1348    i.HAL_NVIC_EnableIRQ  stm32f1xx_hal_cortex.o
    0x080030c8   0x080030c8   0x0000007c   Code   RO         1354    i.HAL_NVIC_SetPriority  stm32f1xx_hal_cortex.o
    0x08003144   0x08003144   0x00000028   Code   RO         1355    i.HAL_NVIC_SetPriorityGrouping  stm32f1xx_hal_cortex.o
    0x0800316c   0x0800316c   0x000000fc   Code   RO         1149    i.HAL_RCCEx_GetPeriphCLKFreq  stm32f1xx_hal_rcc_ex.o
    0x08003268   0x08003268   0x00000130   Code   RO         1150    i.HAL_RCCEx_PeriphCLKConfig  stm32f1xx_hal_rcc_ex.o
    0x08003398   0x08003398   0x0000018c   Code   RO         1041    i.HAL_RCC_ClockConfig  stm32f1xx_hal_rcc.o
    0x08003524   0x08003524   0x0000000c   Code   RO         1046    i.HAL_RCC_GetHCLKFreq  stm32f1xx_hal_rcc.o
    0x08003530   0x08003530   0x00000020   Code   RO         1048    i.HAL_RCC_GetPCLK1Freq  stm32f1xx_hal_rcc.o
    0x08003550   0x08003550   0x00000020   Code   RO         1049    i.HAL_RCC_GetPCLK2Freq  stm32f1xx_hal_rcc.o
    0x08003570   0x08003570   0x00000070   Code   RO         1050    i.HAL_RCC_GetSysClockFreq  stm32f1xx_hal_rcc.o
    0x080035e0   0x080035e0   0x00000464   Code   RO         1053    i.HAL_RCC_OscConfig  stm32f1xx_hal_rcc.o
    0x08003a44   0x08003a44   0x00000034   Code   RO         1359    i.HAL_SYSTICK_Config  stm32f1xx_hal_cortex.o
    0x08003a78   0x08003a78   0x00000070   Code   RO         2595    i.HAL_UARTEx_ReceiveToIdle_DMA  stm32f1xx_hal_uart.o
    0x08003ae8   0x08003ae8   0x00000024   Code   RO         3155    i.HAL_UARTEx_RxEventCallback  screen_protocol.o
    0x08003b0c   0x08003b0c   0x00000002   Code   RO         2611    i.HAL_UART_ErrorCallback  stm32f1xx_hal_uart.o
    0x08003b0e   0x08003b0e   0x00000002   PAD
    0x08003b10   0x08003b10   0x000002e4   Code   RO         2614    i.HAL_UART_IRQHandler  stm32f1xx_hal_uart.o
    0x08003df4   0x08003df4   0x00000076   Code   RO         2615    i.HAL_UART_Init     stm32f1xx_hal_uart.o
    0x08003e6a   0x08003e6a   0x00000002   PAD
    0x08003e6c   0x08003e6c   0x000001f8   Code   RO          359    i.HAL_UART_MspInit  usart.o
    0x08004064   0x08004064   0x00000002   Code   RO         2621    i.HAL_UART_RxCpltCallback  stm32f1xx_hal_uart.o
    0x08004066   0x08004066   0x00000002   Code   RO         2622    i.HAL_UART_RxHalfCpltCallback  stm32f1xx_hal_uart.o
    0x08004068   0x08004068   0x0000008c   Code   RO         2624    i.HAL_UART_Transmit_DMA  stm32f1xx_hal_uart.o
    0x080040f4   0x080040f4   0x00000018   Code   RO         3156    i.HAL_UART_TxCpltCallback  screen_protocol.o
    0x0800410c   0x0800410c   0x00000002   Code   RO         2627    i.HAL_UART_TxHalfCpltCallback  stm32f1xx_hal_uart.o
    0x0800410e   0x0800410e   0x00000004   Code   RO          414    i.HardFault_Handler  stm32f1xx_it.o
    0x08004112   0x08004112   0x00000002   PAD
    0x08004114   0x08004114   0x00000138   Code   RO          204    i.MX_ADC1_Init      adc.o
    0x0800424c   0x0800424c   0x00000038   Code   RO          252    i.MX_CAN_Init       can.o
    0x08004284   0x08004284   0x00000074   Code   RO          292    i.MX_DMA_Init       dma.o
    0x080042f8   0x080042f8   0x00000058   Code   RO          178    i.MX_GPIO_Init      gpio.o
    0x08004350   0x08004350   0x0000003c   Code   RO          318    i.MX_I2C1_Init      i2c.o
    0x0800438c   0x0800438c   0x00000038   Code   RO          360    i.MX_USART1_UART_Init  usart.o
    0x080043c4   0x080043c4   0x00000038   Code   RO          361    i.MX_USART3_UART_Init  usart.o
    0x080043fc   0x080043fc   0x00000004   Code   RO          415    i.MemManage_Handler  stm32f1xx_it.o
    0x08004400   0x08004400   0x00000004   Code   RO          416    i.NMI_Handler       stm32f1xx_it.o
    0x08004404   0x08004404   0x00000002   Code   RO          417    i.PendSV_Handler    stm32f1xx_it.o
    0x08004406   0x08004406   0x00000002   PAD
    0x08004408   0x08004408   0x0000000c   Code   RO         3047    i.PressureMeasure_GetMpa  pressure_measure.o
    0x08004414   0x08004414   0x00000040   Code   RO         3050    i.PressureMeasure_Init  pressure_measure.o
    0x08004454   0x08004454   0x000000c4   Code   RO         3051    i.PressureMeasure_Process  pressure_measure.o
    0x08004518   0x08004518   0x0000002c   Code   RO         3052    i.PressureMeasure_StartConversion  pressure_measure.o
    0x08004544   0x08004544   0x00000060   Code   RO         3053    i.Pressure_CalculateMpa  pressure_measure.o
    0x080045a4   0x080045a4   0x0000007e   Code   RO         3054    i.Pressure_CalculateRobustCode  pressure_measure.o
    0x08004622   0x08004622   0x00000028   Code   RO         3055    i.Pressure_Clamp    pressure_measure.o
    0x0800464a   0x0800464a   0x00000002   PAD
    0x0800464c   0x0800464c   0x00000028   Code   RO         1054    i.RCC_Delay         stm32f1xx_hal_rcc.o
    0x08004674   0x08004674   0x00000002   Code   RO          418    i.SVC_Handler       stm32f1xx_it.o
    0x08004676   0x08004676   0x00000002   PAD
    0x08004678   0x08004678   0x0000007c   Code   RO         3157    i.ScreenProtocol_HandleFrame  screen_protocol.o
    0x080046f4   0x080046f4   0x00000024   Code   RO         3158    i.ScreenProtocol_Init  screen_protocol.o
    0x08004718   0x08004718   0x00000010   Code   RO         3159    i.ScreenProtocol_IsEmpty  screen_protocol.o
    0x08004728   0x08004728   0x00000014   Code   RO         3160    i.ScreenProtocol_IsTransmitConfigured  screen_protocol.o
    0x0800473c   0x0800473c   0x000000dc   Code   RO         3161    i.ScreenProtocol_ParseFloat  screen_protocol.o
    0x08004818   0x08004818   0x0000002c   Code   RO         3162    i.ScreenProtocol_PollEvent  screen_protocol.o
    0x08004844   0x08004844   0x00000094   Code   RO         3163    i.ScreenProtocol_SendMeasurements  screen_protocol.o
    0x080048d8   0x080048d8   0x0000002c   Code   RO         3164    i.ScreenProtocol_StartReceive  screen_protocol.o
    0x08004904   0x08004904   0x00000008   Code   RO          419    i.SysTick_Handler   stm32f1xx_it.o
    0x0800490c   0x0800490c   0x00000084   Code   RO           14    i.SystemClock_Config  main.o
    0x08004990   0x08004990   0x00000002   Code   RO         2959    i.SystemInit        system_stm32f1xx.o
    0x08004992   0x08004992   0x00000002   PAD
    0x08004994   0x08004994   0x00000068   Code   RO         3125    i.Thrust_CalculateNewton  thrust_calculator.o
    0x080049fc   0x080049fc   0x0000003c   Code   RO         3126    i.Thrust_Convert    thrust_calculator.o
    0x08004a38   0x08004a38   0x00000028   Code   RO         3127    i.Thrust_GetUnitText  thrust_calculator.o
    0x08004a60   0x08004a60   0x00000014   Code   RO         2628    i.UART_DMAAbortOnError  stm32f1xx_hal_uart.o
    0x08004a74   0x08004a74   0x00000050   Code   RO         2629    i.UART_DMAError     stm32f1xx_hal_uart.o
    0x08004ac4   0x08004ac4   0x000000b4   Code   RO         2630    i.UART_DMAReceiveCplt  stm32f1xx_hal_uart.o
    0x08004b78   0x08004b78   0x00000024   Code   RO         2632    i.UART_DMARxHalfCplt  stm32f1xx_hal_uart.o
    0x08004b9c   0x08004b9c   0x00000058   Code   RO         2634    i.UART_DMATransmitCplt  stm32f1xx_hal_uart.o
    0x08004bf4   0x08004bf4   0x0000000e   Code   RO         2636    i.UART_DMATxHalfCplt  stm32f1xx_hal_uart.o
    0x08004c02   0x08004c02   0x0000006c   Code   RO         2638    i.UART_EndRxTransfer  stm32f1xx_hal_uart.o
    0x08004c6e   0x08004c6e   0x00000020   Code   RO         2639    i.UART_EndTransmit_IT  stm32f1xx_hal_uart.o
    0x08004c8e   0x08004c8e   0x00000026   Code   RO         2640    i.UART_EndTxTransfer  stm32f1xx_hal_uart.o
    0x08004cb4   0x08004cb4   0x000000fc   Code   RO         2641    i.UART_Receive_IT   stm32f1xx_hal_uart.o
    0x08004db0   0x08004db0   0x000000fc   Code   RO         2642    i.UART_SetConfig    stm32f1xx_hal_uart.o
    0x08004eac   0x08004eac   0x000000c8   Code   RO         2643    i.UART_Start_Receive_DMA  stm32f1xx_hal_uart.o
    0x08004f74   0x08004f74   0x00000060   Code   RO         2645    i.UART_Transmit_IT  stm32f1xx_hal_uart.o
    0x08004fd4   0x08004fd4   0x00000010   Code   RO          420    i.USART1_IRQHandler  stm32f1xx_it.o
    0x08004fe4   0x08004fe4   0x00000010   Code   RO          421    i.USART3_IRQHandler  stm32f1xx_it.o
    0x08004ff4   0x08004ff4   0x00000004   Code   RO          422    i.UsageFault_Handler  stm32f1xx_it.o
    0x08004ff8   0x08004ff8   0x00000028   Code   RO         3504    i.__ARM_fpclassify  m_ws.l(fpclassify.o)
    0x08005020   0x08005020   0x00000010   Code   RO         1361    i.__NVIC_GetPriorityGrouping  stm32f1xx_hal_cortex.o
    0x08005030   0x08005030   0x00000028   Code   RO         1362    i.__NVIC_SetPriority  stm32f1xx_hal_cortex.o
    0x08005058   0x08005058   0x0000000e   Code   RO         3364    i._is_digit         c_w.l(__printf_wp.o)
    0x08005066   0x08005066   0x00000030   Code   RO           15    i.main              main.o
    0x08005096   0x08005096   0x00000002   PAD
    0x08005098   0x08005098   0x0000002c   Code   RO         3500    locale$$code        c_w.l(lc_numeric_c.o)
    0x080050c4   0x080050c4   0x0000000c   Code   RO         3439    x$fpl$dretinf       fz_ws.l(dretinf.o)
    0x080050d0   0x080050d0   0x00000056   Code   RO         3390    x$fpl$f2d           fz_ws.l(f2d.o)
    0x08005126   0x08005126   0x00000002   PAD
    0x08005128   0x08005128   0x000000c4   Code   RO         3392    x$fpl$fadd          fz_ws.l(faddsub_clz.o)
    0x080051ec   0x080051ec   0x00000018   Code   RO         3441    x$fpl$fcmpinf       fz_ws.l(fcmpi.o)
    0x08005204   0x08005204   0x00000184   Code   RO         3399    x$fpl$fdiv          fz_ws.l(fdiv.o)
    0x08005388   0x08005388   0x00000030   Code   RO         3403    x$fpl$fflt          fz_ws.l(fflt_clz.o)
    0x080053b8   0x080053b8   0x00000026   Code   RO         3402    x$fpl$ffltu         fz_ws.l(fflt_clz.o)
    0x080053de   0x080053de   0x00000002   PAD
    0x080053e0   0x080053e0   0x00000068   Code   RO         3408    x$fpl$fleqf         fz_ws.l(fleqf.o)
    0x08005448   0x08005448   0x00000102   Code   RO         3410    x$fpl$fmul          fz_ws.l(fmul.o)
    0x0800554a   0x0800554a   0x0000008c   Code   RO         3443    x$fpl$fnaninf       fz_ws.l(fnaninf.o)
    0x080055d6   0x080055d6   0x0000000a   Code   RO         3445    x$fpl$fretinf       fz_ws.l(fretinf.o)
    0x080055e0   0x080055e0   0x00000062   Code   RO         3412    x$fpl$frleqf        fz_ws.l(frleqf.o)
    0x08005642   0x08005642   0x00000002   PAD
    0x08005644   0x08005644   0x000000ea   Code   RO         3394    x$fpl$fsub          fz_ws.l(faddsub_clz.o)
    0x0800572e   0x0800572e   0x00000004   Code   RO         3414    x$fpl$printf1       fz_ws.l(printf1.o)
    0x08005732   0x08005732   0x00000004   Code   RO         3416    x$fpl$printf2       fz_ws.l(printf2.o)
    0x08005736   0x08005736   0x00000000   Code   RO         3447    x$fpl$usenofp       fz_ws.l(usenofp.o)
    0x08005736   0x08005736   0x00000012   Data   RO         1055    .constdata          stm32f1xx_hal_rcc.o
    0x08005748   0x08005748   0x00000012   Data   RO         1151    .constdata          stm32f1xx_hal_rcc_ex.o
    0x0800575a   0x0800575a   0x00000018   Data   RO         2960    .constdata          system_stm32f1xx.o
    0x08005772   0x08005772   0x00000028   Data   RO         3343    .constdata          c_w.l(_printf_hex_ptr.o)
    0x0800579a   0x0800579a   0x00000011   Data   RO         3372    .constdata          c_w.l(__printf_flags_ss_wp.o)
    0x080057ab   0x080057ab   0x00000026   Data   RO         3428    .constdata          c_w.l(_printf_fp_hex.o)
    0x080057d1   0x080057d1   0x00000003   PAD
    0x080057d4   0x080057d4   0x00000094   Data   RO         3475    .constdata          c_w.l(bigflt0.o)
    0x08005868   0x08005868   0x00000020   Data   RO         3647    Region$$Table       anon$$obj.o
    0x08005888   0x08005888   0x0000001c   Data   RO         3499    locale$$data        c_w.l(lc_numeric_c.o)


    Execution Region RW_IRAM1 (Exec base: 0x20000000, Load base: 0x080058a4, Size: 0x00000a40, Max: 0x00005000, ABSOLUTE)

    Exec Addr    Load Addr    Size         Type   Attr      Idx    E Section Name        Object

    0x20000000   0x080058a4   0x00000009   Data   RW          891    .data               stm32f1xx_hal.o
    0x20000009   0x080058ad   0x00000003   PAD
    0x2000000c   0x080058b0   0x00000004   Data   RW         2961    .data               system_stm32f1xx.o
    0x20000010   0x080058b4   0x00000010   Data   RW         3057    .data               pressure_measure.o
    0x20000020   0x080058c4   0x0000000c   Data   RW         3166    .data               screen_protocol.o
    0x2000002c   0x080058d0   0x00000018   Data   RW         3254    .data               app_control.o
    0x20000044        -       0x000000a4   Zero   RW          206    .bss                adc.o
    0x200000e8        -       0x00000028   Zero   RW          253    .bss                can.o
    0x20000110        -       0x00000054   Zero   RW          319    .bss                i2c.o
    0x20000164        -       0x000001a0   Zero   RW          362    .bss                usart.o
    0x20000304        -       0x00000016   Zero   RW         3056    .bss                pressure_measure.o
    0x2000031a        -       0x000000c0   Zero   RW         3165    .bss                screen_protocol.o
    0x200003da   0x080058e8   0x00000002   PAD
    0x200003dc        -       0x00000060   Zero   RW         3507    .bss                c_w.l(libspace.o)
    0x2000043c   0x080058e8   0x00000004   PAD
    0x20000440        -       0x00000200   Zero   RW            2    HEAP                startup_stm32f103xb.o
    0x20000640        -       0x00000400   Zero   RW            1    STACK               startup_stm32f103xb.o


==============================================================================

Image component sizes


      Code (inc. data)   RO Data    RW Data    ZI Data      Debug   Object Name

       656         38          0          0        164       2109   adc.o
       316         68          0         24          0       2748   app_control.o
       208         22          0          0         40       1563   can.o
       116          4          0          0          0        746   dma.o
        88          4          0          0          0        791   gpio.o
       176         24          0          0         84       1545   i2c.o
       186          0          0          0          0     434348   main.o
       602        116          0         16         22       5868   pressure_measure.o
       712         86          0         12        192       7656   screen_protocol.o
        64         26        236          0       1536        792   startup_stm32f103xb.o
       152         32          0          9          0       5181   stm32f1xx_hal.o
      1426         56          0          0          0       7639   stm32f1xx_hal_adc.o
       284          6          0          0          0       1434   stm32f1xx_hal_adc_ex.o
       988          0          0          0          0       9735   stm32f1xx_hal_can.o
       304         22          0          0          0      29311   stm32f1xx_hal_cortex.o
       978         12          0          0          0       4762   stm32f1xx_hal_dma.o
       800         34          0          0          0       2020   stm32f1xx_hal_gpio.o
       464         18          0          0          0       2099   stm32f1xx_hal_i2c.o
        84          8          0          0          0        866   stm32f1xx_hal_msp.o
      1748         98         18          0          0       5848   stm32f1xx_hal_rcc.o
       556         34         18          0          0       2329   stm32f1xx_hal_rcc_ex.o
      2514         34          0          0          0      15361   stm32f1xx_hal_uart.o
       162         48          0          0          0       7459   stm32f1xx_it.o
         2          0         24          4          0       1071   system_stm32f1xx.o
       204         34          0          0          0       2251   thrust_calculator.o
       616         60          0          0        416       2583   usart.o

    ----------------------------------------------------------------------
     14424        884        328         68       2456     558115   Object Totals
         0          0         32          0          0          0   (incl. Generated)
        18          0          0          3          2          0   (incl. Padding)

    ----------------------------------------------------------------------

      Code (inc. data)   RO Data    RW Data    ZI Data      Debug   Library Member Name

        56          6          0          0          0         88   __2snprintf.o
         8          0          0          0          0         68   __main.o
       392          4         17          0          0         92   __printf_flags_ss_wp.o
        14          0          0          0          0         68   __printf_wp.o
         0          0          0          0          0          0   __rtentry.o
        12          0          0          0          0          0   __rtentry2.o
         6          0          0          0          0          0   __rtentry4.o
        52          8          0          0          0          0   __scatter.o
        26          0          0          0          0          0   __scatter_copy.o
        28          0          0          0          0          0   __scatter_zi.o
         6          0          0          0          0          0   _printf_a.o
        44          0          0          0          0        108   _printf_char.o
        48          6          0          0          0         96   _printf_char_common.o
        40          0          0          0          0         68   _printf_charcount.o
         6          0          0          0          0          0   _printf_e.o
         6          0          0          0          0          0   _printf_f.o
      1054          0          0          0          0        216   _printf_fp_dec.o
       764          8         38          0          0        100   _printf_fp_hex.o
       128         16          0          0          0         84   _printf_fp_infnan.o
         6          0          0          0          0          0   _printf_g.o
        84          6         40          0          0         88   _printf_hex_ptr.o
       178          0          0          0          0         88   _printf_intcommon.o
         6          0          0          0          0          0   _printf_n.o
         6          0          0          0          0          0   _printf_p.o
        78          0          0          0          0        108   _printf_pad.o
         0          0          0          0          0          0   _printf_percent.o
         4          0          0          0          0          0   _printf_percent_end.o
         6          0          0          0          0          0   _printf_s.o
        82          0          0          0          0         80   _printf_str.o
        16          0          0          0          0         68   _snputc.o
        10          0          0          0          0         68   _sputc.o
       228          4        148          0          0         96   bigflt0.o
      1936        128          0          0          0        672   btod.o
        18          0          0          0          0         80   exit.o
         6          0          0          0          0        152   heapauxi.o
         0          0          0          0          0          0   indicate_semi.o
        44         10         28          0          0         76   lc_numeric_c.o
         2          0          0          0          0          0   libinit.o
        18          0          0          0          0          0   libinit2.o
         2          0          0          0          0          0   libshutdown.o
         2          0          0          0          0          0   libshutdown2.o
         8          4          0          0         96         68   libspace.o
       138          0          0          0          0         80   lludiv10.o
        88          0          0          0          0         76   memcmp.o
         8          4          0          0          0         68   rt_locale_intlibspace.o
        78          0          0          0          0         80   rt_memclr_w.o
         2          0          0          0          0          0   rtexit.o
        10          0          0          0          0          0   rtexit2.o
       128          0          0          0          0         68   strcmpv7m.o
        12          4          0          0          0         68   sys_exit.o
        74          0          0          0          0         80   sys_stackheap_outer.o
         2          0          0          0          0         68   use_no_semi.o
        12          0          0          0          0         68   dretinf.o
        86          4          0          0          0         84   f2d.o
       430          8          0          0          0        168   faddsub_clz.o
        24          0          0          0          0         68   fcmpi.o
       388         76          0          0          0         96   fdiv.o
        86          0          0          0          0        136   fflt_clz.o
       104          4          0          0          0         84   fleqf.o
       258          4          0          0          0         84   fmul.o
       140          4          0          0          0         84   fnaninf.o
        10          0          0          0          0         68   fretinf.o
        98          0          0          0          0         68   frleqf.o
         4          0          0          0          0         68   printf1.o
         4          0          0          0          0         68   printf2.o
         0          0          0          0          0          0   usenofp.o
        40          0          0          0          0         68   fpclassify.o

    ----------------------------------------------------------------------
      7666        308        274          0        100       4432   Library Totals
        12          0          3          0          4          0   (incl. Padding)

    ----------------------------------------------------------------------

      Code (inc. data)   RO Data    RW Data    ZI Data      Debug   Library Name

      5970        208        271          0         96       3220   c_w.l
      1644        100          0          0          0       1144   fz_ws.l
        40          0          0          0          0         68   m_ws.l

    ----------------------------------------------------------------------
      7666        308        274          0        100       4432   Library Totals

    ----------------------------------------------------------------------

==============================================================================


      Code (inc. data)   RO Data    RW Data    ZI Data      Debug   

     22090       1192        602         68       2556     553339   Grand Totals
     22090       1192        602         68       2556     553339   ELF Image Totals
     22090       1192        602         68          0          0   ROM Totals

==============================================================================

    Total RO  Size (Code + RO Data)                22692 (  22.16kB)
    Total RW  Size (RW Data + ZI Data)              2624 (   2.56kB)
    Total ROM Size (Code + RO Data + RW Data)      22760 (  22.23kB)

==============================================================================

